<html>
<body>
<pre>
<h1>µVision Build Log</h1>
<h2>Tool Versions:</h2>
IDE-Version: µVision V5.24.2.0
Copyright (C) 2017 ARM Ltd and ARM Germany GmbH. All rights reserved.
License Information: Yankun Yang, Yang, LIC=50DY8-345T3-EY5VT-RXH7L-73GTW-2IM23
 
Tool Versions:
Toolchain:       MDK-ARM Professional  Version: 5.24.1
Toolchain Path:  E:\Keil_v5\ARM\ARMCC\Bin
C Compiler:      Armcc.exe V5.06 update 5 (build 528)
Assembler:       Armasm.exe V5.06 update 5 (build 528)
Linker/Locator:  ArmLink.exe V5.06 update 5 (build 528)
Library Manager: ArmAr.exe V5.06 update 5 (build 528)
Hex Converter:   FromElf.exe V5.06 update 5 (build 528)
CPU DLL:         SARMCM3.DLL V5.24.1
Dialog DLL:      DCM.DLL V1.16.0.0
Target DLL:      STLink\ST-LINKIII-KEIL_SWO.dll V3.0.1.0
Dialog DLL:      TCM.DLL V1.32.0.0
 
<h2>Project:</h2>
E:\Quadcopter\STM32\STM32F407 Discovery\Projects\Git\10-SDCARD\10-SDCARD.uvprojx
Project File Date:  09/11/2018

<h2>Output:</h2>
*** Using Compiler 'V5.06 update 5 (build 528)', folder: 'E:\Keil_v5\ARM\ARMCC\Bin'
Build target 'STM32F407VG-Discovery'
compiling asyncfatfs.c...
src\quad\io\asyncfatfs\asyncfatfs.c(639): warning:  #111-D: statement is unreachable
  			break;
src\quad\io\asyncfatfs\asyncfatfs.c(688): warning:  #111-D: statement is unreachable
  			break;
src\quad\io\asyncfatfs\asyncfatfs.c(701): warning:  #177-D: variable "status"  was declared but never referenced
  	afatfsOperationStatus_e status;
src\quad\io\asyncfatfs\asyncfatfs.c(706): warning:  #177-D: label "doMore"  was declared but never referenced
  	doMore:
src\quad\io\asyncfatfs\asyncfatfs.c: 4 warnings, 0 errors
linking...
Program Size: Code=16848 RO-data=988 RW-data=4188 ZI-data=9172  
".\Objects\10-SDCARD.axf" - 0 Error(s), 4 Warning(s).

<h2>Software Packages used:</h2>

Package Vendor: Keil
                http://www.keil.com/pack/Keil.STM32F4xx_DFP.2.13.0.pack
                Keil.STM32F4xx_DFP.2.13.0
                STMicroelectronics STM32F4 Series Device Support, Drivers and Examples

<h2>Collection of Component include folders:</h2>
  .\RTE\_STM32F407VG-Discovery
  E:\Keil_v5\ARM\PACK\Keil\STM32F4xx_DFP\2.13.0\Drivers\CMSIS\Device\ST\STM32F4xx\Include

<h2>Collection of Component Files used:</h2>
Build Time Elapsed:  00:00:01
</pre>
</body>
</html>
