<html>
<body>
<pre>
<h1>µVision Build Log</h1>
<h2>Tool Versions:</h2>
IDE-Version: µVision V5.24.2.0
Copyright (C) 2017 ARM Ltd and ARM Germany GmbH. All rights reserved.
License Information: Yankun Yang, Yang, LIC=EPP8T-RCFC3-C0FN2-9IQ27-DGA9R-Y97X5
 
Tool Versions:
Toolchain:       MDK-ARM Professional  Version: 5.24.1
Toolchain Path:  F:\Keil_v5\ARM\ARMCC\Bin
C Compiler:      Armcc.exe V5.06 update 5 (build 528)
Assembler:       Armasm.exe V5.06 update 5 (build 528)
Linker/Locator:  ArmLink.exe V5.06 update 5 (build 528)
Library Manager: ArmAr.exe V5.06 update 5 (build 528)
Hex Converter:   FromElf.exe V5.06 update 5 (build 528)
CPU DLL:         SARMCM3.DLL V5.24.1
Dialog DLL:      DCM.DLL V1.16.0.0
Target DLL:      STLink\ST-LINKIII-KEIL_SWO.dll V3.0.1.0
Dialog DLL:      TCM.DLL V1.32.0.0
 
<h2>Project:</h2>
D:\Kent\PhD\3-QUADCOPTER\STM32\STM32F407 Discovery\Projects\Git\10-SDCARD\10-SDCARD.uvprojx
Project File Date:  09/11/2018

<h2>Output:</h2>
*** Using Compiler 'V5.06 update 5 (build 528)', folder: 'F:\Keil_v5\ARM\ARMCC\Bin'
Build target 'STM32F407VG-Discovery'
compiling asyncfatfs.c...
src\quad\io\asyncfatfs\asyncfatfs.c(880): warning:  #111-D: statement is unreachable
  			break;
src\quad\io\asyncfatfs\asyncfatfs.c(930): warning:  #111-D: statement is unreachable
  			break;
src\quad\io\asyncfatfs\asyncfatfs.c(1550): warning:  #940-D: missing return statement at end of non-void function "afatfs_chdir" 
  }
src\quad\io\asyncfatfs\asyncfatfs.c(1965): warning:  #111-D: statement is unreachable
  				break;
src\quad\io\asyncfatfs\asyncfatfs.c(1969): warning:  #111-D: statement is unreachable
  				break;
src\quad\io\asyncfatfs\asyncfatfs.c(2016): warning:  #111-D: statement is unreachable
  					break;
src\quad\io\asyncfatfs\asyncfatfs.c(2023): warning:  #111-D: statement is unreachable
  					break;
src\quad\io\asyncfatfs\asyncfatfs.c(2066): warning:  #111-D: statement is unreachable
  			break;
src\quad\io\asyncfatfs\asyncfatfs.c(2076): warning:  #111-D: statement is unreachable
  			break;
src\quad\io\asyncfatfs\asyncfatfs.c(2153): warning:  #68-D: integer conversion resulted in a change of sign
  			afatfs_assert(afatfs_fseekAtomic(directory, -
FATFS_SECTOR_SIZE * (afatfs.sectorsPerCluster - 1)));
src\quad\io\asyncfatfs\asyncfatfs.c(2156): warning:  #111-D: statement is unreachable
  			break;
src\quad\io\asyncfatfs\asyncfatfs.c(2166): warning:  #111-D: statement is unreachable
  			break;
src\quad\io\asyncfatfs\asyncfatfs.c(2176): warning:  #111-D: statement is unreachable
  			break;
src\quad\io\asyncfatfs\asyncfatfs.c(2347): warning:  #111-D: statement is unreachable
  			break;
src\quad\io\asyncfatfs\asyncfatfs.c(2605): warning:  #188-D: enumerated type mixed with another type
  			afatfs.initPhase = AFATFS_INITIALISATION_FREEFILE_LAST + 1;
src\quad\io\asyncfatfs\asyncfatfs.c(2926): warning:  #111-D: statement is unreachable
          break;
src\quad\io\asyncfatfs\asyncfatfs.c(2937): warning:  #111-D: statement is unreachable
          break;
src\quad\io\asyncfatfs\asyncfatfs.c(3048): warning:  #111-D: statement is unreachable
          break;
src\quad\io\asyncfatfs\asyncfatfs.c(3206): warning:  #177-D: variable "status"  was declared but never referenced
  	afatfsOperationStatus_e status;
src\quad\io\asyncfatfs\asyncfatfs.c(3082): warning:  #177-D: function "afatfs_fileOperationContinue"  was declared but never referenced
  static void afatfs_fileOperationContinue(afatfsFile_t *file)
src\quad\io\asyncfatfs\asyncfatfs.c(3133): warning:  #177-D: function "afatfs_findLargestContiguousFreeBlockContinue"  was declared but never referenced
  static afatfsOperationStatus_e afatfs_findLargestContiguousFreeBlockContinue()
src\quad\io\asyncfatfs\asyncfatfs.c: 21 warnings, 0 errors
linking...
Program Size: Code=22520 RO-data=1368 RW-data=4188 ZI-data=9172  
".\Objects\10-SDCARD.axf" - 0 Error(s), 21 Warning(s).

<h2>Software Packages used:</h2>

Package Vendor: Keil
                http://www.keil.com/pack/Keil.STM32F4xx_DFP.2.13.0.pack
                Keil.STM32F4xx_DFP.2.13.0
                STMicroelectronics STM32F4 Series Device Support, Drivers and Examples

<h2>Collection of Component include folders:</h2>
  .\RTE\_STM32F407VG-Discovery
  F:\Keil_v5\ARM\PACK\Keil\STM32F4xx_DFP\2.13.0\Drivers\CMSIS\Device\ST\STM32F4xx\Include

<h2>Collection of Component Files used:</h2>
Build Time Elapsed:  00:00:01
</pre>
</body>
</html>
