Component: ARM Compiler 5.06 update 5 (build 528) Tool: armlink [4d35e2]

==============================================================================

Section Cross References

    startup_stm32f407xx.o(STACK) refers (Special) to heapauxi.o(.text) for __use_two_region_memory
    startup_stm32f407xx.o(HEAP) refers (Special) to heapauxi.o(.text) for __use_two_region_memory
    startup_stm32f407xx.o(RESET) refers (Special) to heapauxi.o(.text) for __use_two_region_memory
    startup_stm32f407xx.o(RESET) refers to startup_stm32f407xx.o(STACK) for __initial_sp
    startup_stm32f407xx.o(RESET) refers to startup_stm32f407xx.o(.text) for Reset_Handler
    startup_stm32f407xx.o(RESET) refers to system.o(i.SysTick_Handler) for SysTick_Handler
    startup_stm32f407xx.o(RESET) refers to exti.o(i.EXTI0_IRQHandler) for EXTI0_IRQHandler
    startup_stm32f407xx.o(RESET) refers to exti.o(i.EXTI1_IRQHandler) for EXTI1_IRQHandler
    startup_stm32f407xx.o(RESET) refers to exti.o(i.EXTI2_IRQHandler) for EXTI2_IRQHandler
    startup_stm32f407xx.o(RESET) refers to exti.o(i.EXTI3_IRQHandler) for EXTI3_IRQHandler
    startup_stm32f407xx.o(RESET) refers to exti.o(i.EXTI4_IRQHandler) for EXTI4_IRQHandler
    startup_stm32f407xx.o(RESET) refers to dma_stm32f4xx.o(i.DMA1_Stream0_IRQHandler) for DMA1_Stream0_IRQHandler
    startup_stm32f407xx.o(RESET) refers to dma_stm32f4xx.o(i.DMA1_Stream1_IRQHandler) for DMA1_Stream1_IRQHandler
    startup_stm32f407xx.o(RESET) refers to dma_stm32f4xx.o(i.DMA1_Stream2_IRQHandler) for DMA1_Stream2_IRQHandler
    startup_stm32f407xx.o(RESET) refers to dma_stm32f4xx.o(i.DMA1_Stream3_IRQHandler) for DMA1_Stream3_IRQHandler
    startup_stm32f407xx.o(RESET) refers to dma_stm32f4xx.o(i.DMA1_Stream4_IRQHandler) for DMA1_Stream4_IRQHandler
    startup_stm32f407xx.o(RESET) refers to dma_stm32f4xx.o(i.DMA1_Stream5_IRQHandler) for DMA1_Stream5_IRQHandler
    startup_stm32f407xx.o(RESET) refers to dma_stm32f4xx.o(i.DMA1_Stream6_IRQHandler) for DMA1_Stream6_IRQHandler
    startup_stm32f407xx.o(RESET) refers to exti.o(i.EXTI9_5_IRQHandler) for EXTI9_5_IRQHandler
    startup_stm32f407xx.o(RESET) refers to timer.o(i.TIM1_CC_IRQHandler) for TIM1_CC_IRQHandler
    startup_stm32f407xx.o(RESET) refers to timer.o(i.TIM2_IRQHandler) for TIM2_IRQHandler
    startup_stm32f407xx.o(RESET) refers to timer.o(i.TIM3_IRQHandler) for TIM3_IRQHandler
    startup_stm32f407xx.o(RESET) refers to timer.o(i.TIM4_IRQHandler) for TIM4_IRQHandler
    startup_stm32f407xx.o(RESET) refers to serial_uart_stm32f4xx.o(i.USART1_IRQHandler) for USART1_IRQHandler
    startup_stm32f407xx.o(RESET) refers to serial_uart_stm32f4xx.o(i.USART3_IRQHandler) for USART3_IRQHandler
    startup_stm32f407xx.o(RESET) refers to exti.o(i.EXTI15_10_IRQHandler) for EXTI15_10_IRQHandler
    startup_stm32f407xx.o(RESET) refers to dma_stm32f4xx.o(i.DMA1_Stream7_IRQHandler) for DMA1_Stream7_IRQHandler
    startup_stm32f407xx.o(RESET) refers to dma_stm32f4xx.o(i.DMA2_Stream0_IRQHandler) for DMA2_Stream0_IRQHandler
    startup_stm32f407xx.o(RESET) refers to dma_stm32f4xx.o(i.DMA2_Stream1_IRQHandler) for DMA2_Stream1_IRQHandler
    startup_stm32f407xx.o(RESET) refers to dma_stm32f4xx.o(i.DMA2_Stream2_IRQHandler) for DMA2_Stream2_IRQHandler
    startup_stm32f407xx.o(RESET) refers to dma_stm32f4xx.o(i.DMA2_Stream3_IRQHandler) for DMA2_Stream3_IRQHandler
    startup_stm32f407xx.o(RESET) refers to dma_stm32f4xx.o(i.DMA2_Stream4_IRQHandler) for DMA2_Stream4_IRQHandler
    startup_stm32f407xx.o(RESET) refers to dma_stm32f4xx.o(i.DMA2_Stream5_IRQHandler) for DMA2_Stream5_IRQHandler
    startup_stm32f407xx.o(RESET) refers to dma_stm32f4xx.o(i.DMA2_Stream6_IRQHandler) for DMA2_Stream6_IRQHandler
    startup_stm32f407xx.o(RESET) refers to dma_stm32f4xx.o(i.DMA2_Stream7_IRQHandler) for DMA2_Stream7_IRQHandler
    startup_stm32f407xx.o(RESET) refers to serial_uart_stm32f4xx.o(i.USART6_IRQHandler) for USART6_IRQHandler
    startup_stm32f407xx.o(.text) refers (Special) to heapauxi.o(.text) for __use_two_region_memory
    startup_stm32f407xx.o(.text) refers to system_stm32f4xx.o(i.SystemInit) for SystemInit
    startup_stm32f407xx.o(.text) refers to __main.o(!!!main) for __main
    startup_stm32f407xx.o(.text) refers to startup_stm32f407xx.o(HEAP) for Heap_Mem
    startup_stm32f407xx.o(.text) refers to startup_stm32f407xx.o(STACK) for Stack_Mem
    stm32f4xx_flash.o(i.FLASH_EraseAllBank1Sectors) refers to stm32f4xx_flash.o(i.FLASH_WaitForLastOperation) for FLASH_WaitForLastOperation
    stm32f4xx_flash.o(i.FLASH_EraseAllBank2Sectors) refers to stm32f4xx_flash.o(i.FLASH_WaitForLastOperation) for FLASH_WaitForLastOperation
    stm32f4xx_flash.o(i.FLASH_EraseAllSectors) refers to stm32f4xx_flash.o(i.FLASH_WaitForLastOperation) for FLASH_WaitForLastOperation
    stm32f4xx_flash.o(i.FLASH_EraseSector) refers to stm32f4xx_flash.o(i.FLASH_WaitForLastOperation) for FLASH_WaitForLastOperation
[...]
    __rt_memclr                              0x0800055b   Thumb Code    68  rt_memclr.o(.text)
    _memset                                  0x0800055f   Thumb Code     0  rt_memclr.o(.text)
    __aeabi_memclr4                          0x0800059f   Thumb Code     0  rt_memclr_w.o(.text)
    __aeabi_memclr8                          0x0800059f   Thumb Code     0  rt_memclr_w.o(.text)
    __rt_memclr_w                            0x0800059f   Thumb Code    78  rt_memclr_w.o(.text)
    _memset_w                                0x080005a3   Thumb Code     0  rt_memclr_w.o(.text)
    strncpy                                  0x080005ed   Thumb Code    86  strncpy.o(.text)
    strcmp                                   0x08000645   Thumb Code   128  strcmpv7m.o(.text)
    __use_two_region_memory                  0x080006c5   Thumb Code     2  heapauxi.o(.text)
    __rt_heap_escrow$2region                 0x080006c7   Thumb Code     2  heapauxi.o(.text)
    __rt_heap_expand$2region                 0x080006c9   Thumb Code     2  heapauxi.o(.text)
    __rt_ctype_table                         0x080006cd   Thumb Code    16  rt_ctype_table.o(.text)
    _printf_int_common                       0x080006dd   Thumb Code   178  _printf_intcommon.o(.text)
    _printf_cs_common                        0x0800078f   Thumb Code    20  _printf_char.o(.text)
    _printf_char                             0x080007a3   Thumb Code    16  _printf_char.o(.text)
    _printf_string                           0x080007b3   Thumb Code     8  _printf_char.o(.text)
    _printf_char_file                        0x080007bd   Thumb Code    32  _printf_char_file.o(.text)
    __rt_locale                              0x080007e1   Thumb Code     8  rt_locale_intlibspace.o(.text)
    _printf_char_common                      0x080007f3   Thumb Code    32  _printf_char_common.o(.text)
    ferror                                   0x08000819   Thumb Code     8  ferror.o(.text)
    __user_libspace                          0x08000821   Thumb Code     8  libspace.o(.text)
    __user_perproc_libspace                  0x08000821   Thumb Code     0  libspace.o(.text)
    __user_perthread_libspace                0x08000821   Thumb Code     0  libspace.o(.text)
    __user_setup_stackheap                   0x08000829   Thumb Code    74  sys_stackheap_outer.o(.text)
    exit                                     0x08000873   Thumb Code    18  exit.o(.text)
    __I$use$semihosting                      0x08000885   Thumb Code     0  use_no_semi.o(.text)
    __use_no_semihosting_swi                 0x08000885   Thumb Code     2  use_no_semi.o(.text)
    __semihosting_library_function           0x08000887   Thumb Code     0  indicate_semi.o(.text)
    _sys_exit                                0x08000889   Thumb Code     8  sys_exit.o(.text)
    DMA1_Stream0_IRQHandler                  0x08000895   Thumb Code    12  dma_stm32f4xx.o(i.DMA1_Stream0_IRQHandler)
    DMA1_Stream1_IRQHandler                  0x080008a5   Thumb Code    14  dma_stm32f4xx.o(i.DMA1_Stream1_IRQHandler)
    DMA1_Stream2_IRQHandler                  0x080008b9   Thumb Code    14  dma_stm32f4xx.o(i.DMA1_Stream2_IRQHandler)
    DMA1_Stream3_IRQHandler                  0x080008cd   Thumb Code    14  dma_stm32f4xx.o(i.DMA1_Stream3_IRQHandler)
    DMA1_Stream4_IRQHandler                  0x080008e1   Thumb Code    14  dma_stm32f4xx.o(i.DMA1_Stream4_IRQHandler)
    DMA1_Stream5_IRQHandler                  0x080008f5   Thumb Code    16  dma_stm32f4xx.o(i.DMA1_Stream5_IRQHandler)
    DMA1_Stream6_IRQHandler                  0x08000909   Thumb Code    16  dma_stm32f4xx.o(i.DMA1_Stream6_IRQHandler)
    DMA1_Stream7_IRQHandler                  0x0800091d   Thumb Code    16  dma_stm32f4xx.o(i.DMA1_Stream7_IRQHandler)
    DMA2_Stream0_IRQHandler                  0x08000931   Thumb Code    16  dma_stm32f4xx.o(i.DMA2_Stream0_IRQHandler)
    DMA2_Stream1_IRQHandler                  0x08000945   Thumb Code    16  dma_stm32f4xx.o(i.DMA2_Stream1_IRQHandler)
    DMA2_Stream2_IRQHandler                  0x08000959   Thumb Code    18  dma_stm32f4xx.o(i.DMA2_Stream2_IRQHandler)
    DMA2_Stream3_IRQHandler                  0x08000971   Thumb Code    18  dma_stm32f4xx.o(i.DMA2_Stream3_IRQHandler)
    DMA2_Stream4_IRQHandler                  0x08000989   Thumb Code    18  dma_stm32f4xx.o(i.DMA2_Stream4_IRQHandler)
    DMA2_Stream5_IRQHandler                  0x080009a1   Thumb Code    18  dma_stm32f4xx.o(i.DMA2_Stream5_IRQHandler)
    DMA2_Stream6_IRQHandler                  0x080009b9   Thumb Code    18  dma_stm32f4xx.o(i.DMA2_Stream6_IRQHandler)
    DMA2_Stream7_IRQHandler                  0x080009d1   Thumb Code    18  dma_stm32f4xx.o(i.DMA2_Stream7_IRQHandler)
    DMA_Cmd                                  0x080009e9   Thumb Code    20  stm32f4xx_dma.o(i.DMA_Cmd)
    DMA_DeInit                               0x080009fd   Thumb Code   272  stm32f4xx_dma.o(i.DMA_DeInit)
    DMA_GetCurrDataCounter                   0x08000b21   Thumb Code     6  stm32f4xx_dma.o(i.DMA_GetCurrDataCounter)
    DMA_ITConfig                             0x08000b27   Thumb Code    44  stm32f4xx_dma.o(i.DMA_ITConfig)
    DMA_Init                                 0x08000b55   Thumb Code    80  stm32f4xx_dma.o(i.DMA_Init)
    DMA_MemoryTargetConfig                   0x08000ba9   Thumb Code    10  stm32f4xx_dma.o(i.DMA_MemoryTargetConfig)
    DMA_SetCurrDataCounter                   0x08000bb3   Thumb Code     4  stm32f4xx_dma.o(i.DMA_SetCurrDataCounter)
    DMA_StructInit                           0x08000bb7   Thumb Code    34  stm32f4xx_dma.o(i.DMA_StructInit)
    EXTI0_IRQHandler                         0x08000bd9   Thumb Code     4  exti.o(i.EXTI0_IRQHandler)
    EXTI15_10_IRQHandler                     0x08000bdd   Thumb Code     4  exti.o(i.EXTI15_10_IRQHandler)
    EXTI1_IRQHandler                         0x08000be1   Thumb Code     4  exti.o(i.EXTI1_IRQHandler)
    EXTI2_IRQHandler                         0x08000be5   Thumb Code     4  exti.o(i.EXTI2_IRQHandler)
    EXTI3_IRQHandler                         0x08000be9   Thumb Code     4  exti.o(i.EXTI3_IRQHandler)
    EXTI4_IRQHandler                         0x08000bed   Thumb Code     4  exti.o(i.EXTI4_IRQHandler)
    EXTI9_5_IRQHandler                       0x08000bf1   Thumb Code     4  exti.o(i.EXTI9_5_IRQHandler)
    EXTIInit                                 0x08000bf5   Thumb Code    32  exti.o(i.EXTIInit)
    EXTI_IRQHandler                          0x08000c1d   Thumb Code    56  exti.o(i.EXTI_IRQHandler)
    EnableGPIOClk                            0x08000c5d   Thumb Code   110  main.o(i.EnableGPIOClk)
    GPIO_Init                                0x08000cf1   Thumb Code   162  stm32f4xx_gpio.o(i.GPIO_Init)
    GPIO_PinAFConfig                         0x08000d93   Thumb Code    32  stm32f4xx_gpio.o(i.GPIO_PinAFConfig)
    GPIO_StructInit                          0x08000db3   Thumb Code    18  stm32f4xx_gpio.o(i.GPIO_StructInit)
    IOConfigGPIO                             0x08000dc5   Thumb Code    68  io.o(i.IOConfigGPIO)
    IOConfigGPIOAF                           0x08000e0d   Thumb Code    86  io.o(i.IOConfigGPIOAF)
    IOGetByTag                               0x08000e69   Thumb Code    98  io.o(i.IOGetByTag)
    IOGlobalInit                             0x08000ed5   Thumb Code    52  io.o(i.IOGlobalInit)
    IOHi                                     0x08000f15   Thumb Code    12  io.o(i.IOHi)
    IOInit                                   0x08000f21   Thumb Code     6  io.o(i.IOInit)
    IOLo                                     0x08000f27   Thumb Code    14  io.o(i.IOLo)
    IORead                                   0x08000f35   Thumb Code    22  io.o(i.IORead)
    IOWrite                                  0x08000f4b   Thumb Code    18  io.o(i.IOWrite)
    IO_GPIOPinIdx                            0x08000f5d   Thumb Code    20  io.o(i.IO_GPIOPinIdx)
    IO_GPIOPortIdx                           0x08000f71   Thumb Code    18  io.o(i.IO_GPIOPortIdx)
    IO_GPIO_PinSource                        0x08000f89   Thumb Code     4  io.o(i.IO_GPIO_PinSource)
    LedInit                                  0x08000f8d   Thumb Code   128  led.o(i.LedInit)
    LedSet                                   0x08001015   Thumb Code    32  led.o(i.LedSet)
    NVIC_Init                                0x0800103d   Thumb Code    96  misc.o(i.NVIC_Init)
    NVIC_PriorityGroupConfig                 0x080010a1   Thumb Code    10  misc.o(i.NVIC_PriorityGroupConfig)
    RCC_AHB1PeriphClockCmd                   0x080010b5   Thumb Code    18  stm32f4xx_rcc.o(i.RCC_AHB1PeriphClockCmd)
    RCC_AHB1PeriphResetCmd                   0x080010cd   Thumb Code    18  stm32f4xx_rcc.o(i.RCC_AHB1PeriphResetCmd)
    RCC_AHB2PeriphClockCmd                   0x080010e5   Thumb Code    18  stm32f4xx_rcc.o(i.RCC_AHB2PeriphClockCmd)
    RCC_APB1PeriphClockCmd                   0x080010fd   Thumb Code    18  stm32f4xx_rcc.o(i.RCC_APB1PeriphClockCmd)
    RCC_APB1PeriphResetCmd                   0x08001115   Thumb Code    18  stm32f4xx_rcc.o(i.RCC_APB1PeriphResetCmd)
    RCC_APB2PeriphClockCmd                   0x0800112d   Thumb Code    18  stm32f4xx_rcc.o(i.RCC_APB2PeriphClockCmd)
    RCC_APB2PeriphResetCmd                   0x08001145   Thumb Code    18  stm32f4xx_rcc.o(i.RCC_APB2PeriphResetCmd)
    RCC_ClearFlag                            0x0800115d   Thumb Code    12  stm32f4xx_rcc.o(i.RCC_ClearFlag)
    RCC_ClockCmd                             0x0800116d   Thumb Code    36  rcc.o(i.RCC_ClockCmd)
    RCC_GetClocksFreq                        0x08001191   Thumb Code   132  stm32f4xx_rcc.o(i.RCC_GetClocksFreq)
    RCC_ResetCmd                             0x08001221   Thumb Code    36  rcc.o(i.RCC_ResetCmd)
    ResetLedStatusConfig                     0x08001245   Thumb Code    32  config.o(i.ResetLedStatusConfig)
    ResetLedTimerConfig                      0x08001265   Thumb Code    40  config.o(i.ResetLedTimerConfig)
    ResetMotorConfig                         0x08001291   Thumb Code    70  config.o(i.ResetMotorConfig)
    ResetSerialConfig                        0x080012dd   Thumb Code    54  config.o(i.ResetSerialConfig)
    ResetSerialPinConfig                     0x08001319   Thumb Code    94  config.o(i.ResetSerialPinConfig)
    SPI_Cmd                                  0x0800137d   Thumb Code    20  stm32f4xx_spi.o(i.SPI_Cmd)
    SPI_I2S_DeInit                           0x08001391   Thumb Code   108  stm32f4xx_spi.o(i.SPI_I2S_DeInit)
    SPI_I2S_GetFlagStatus                    0x08001415   Thumb Code    14  stm32f4xx_spi.o(i.SPI_I2S_GetFlagStatus)
    SPI_I2S_ReceiveData                      0x08001423   Thumb Code     4  stm32f4xx_spi.o(i.SPI_I2S_ReceiveData)
    SPI_I2S_SendData                         0x08001427   Thumb Code     4  stm32f4xx_spi.o(i.SPI_I2S_SendData)
    SPI_Init                                 0x0800142b   Thumb Code    56  stm32f4xx_spi.o(i.SPI_Init)
    SetSysClock                              0x08001465   Thumb Code   162  system_stm32f4xx.o(i.SetSysClock)
    SysTick_Handler                          0x08001519   Thumb Code    30  system.o(i.SysTick_Handler)
    SysTick_Init                             0x0800153d   Thumb Code    24  system.o(i.SysTick_Init)
    SystemInit                               0x08001561   Thumb Code    74  system_stm32f4xx.o(i.SystemInit)
    TIM1_CC_IRQHandler                       0x080015bd   Thumb Code     8  timer.o(i.TIM1_CC_IRQHandler)
    TIM2_IRQHandler                          0x080015cd   Thumb Code    10  timer.o(i.TIM2_IRQHandler)
    TIM3_IRQHandler                          0x080015dd   Thumb Code     8  timer.o(i.TIM3_IRQHandler)
    TIM4_IRQHandler                          0x080015ed   Thumb Code     8  timer.o(i.TIM4_IRQHandler)
    TIM_Cmd                                  0x080015fd   Thumb Code    20  stm32f4xx_tim.o(i.TIM_Cmd)
    TIM_CtrlPWMOutputs                       0x08001611   Thumb Code    22  stm32f4xx_tim.o(i.TIM_CtrlPWMOutputs)
    TIM_OC1Init                              0x08001629   Thumb Code    88  stm32f4xx_tim.o(i.TIM_OC1Init)
    TIM_OC1PreloadConfig                     0x08001689   Thumb Code    12  stm32f4xx_tim.o(i.TIM_OC1PreloadConfig)
    TIM_OC2Init                              0x08001695   Thumb Code   120  stm32f4xx_tim.o(i.TIM_OC2Init)
    TIM_OC2PreloadConfig                     0x08001715   Thumb Code    20  stm32f4xx_tim.o(i.TIM_OC2PreloadConfig)
    TIM_OC3Init                              0x08001729   Thumb Code   116  stm32f4xx_tim.o(i.TIM_OC3Init)
    TIM_OC3PreloadConfig                     0x080017a5   Thumb Code    12  stm32f4xx_tim.o(i.TIM_OC3PreloadConfig)
    TIM_OC4Init                              0x080017b1   Thumb Code    88  stm32f4xx_tim.o(i.TIM_OC4Init)
    TIM_OC4PreloadConfig                     0x08001811   Thumb Code    20  stm32f4xx_tim.o(i.TIM_OC4PreloadConfig)
    TIM_OCStructInit                         0x08001825   Thumb Code    20  stm32f4xx_tim.o(i.TIM_OCStructInit)
    TIM_TimeBaseInit                         0x08001839   Thumb Code    96  stm32f4xx_tim.o(i.TIM_TimeBaseInit)
    TIM_TimeBaseStructInit                   0x080018b5   Thumb Code    18  stm32f4xx_tim.o(i.TIM_TimeBaseStructInit)
    USART1_IRQHandler                        0x080018c9   Thumb Code    10  serial_uart_stm32f4xx.o(i.USART1_IRQHandler)
    USART3_IRQHandler                        0x080018d9   Thumb Code    10  serial_uart_stm32f4xx.o(i.USART3_IRQHandler)
    USART6_IRQHandler                        0x080018e9   Thumb Code    10  serial_uart_stm32f4xx.o(i.USART6_IRQHandler)
    USART_ClearITPendingBit                  0x080018f9   Thumb Code    12  stm32f4xx_usart.o(i.USART_ClearITPendingBit)
    USART_Cmd                                0x08001905   Thumb Code    20  stm32f4xx_usart.o(i.USART_Cmd)
    USART_DMACmd                             0x08001919   Thumb Code    16  stm32f4xx_usart.o(i.USART_DMACmd)
    USART_GetITStatus                        0x08001929   Thumb Code    62  stm32f4xx_usart.o(i.USART_GetITStatus)
    USART_HalfDuplexCmd                      0x08001967   Thumb Code    20  stm32f4xx_usart.o(i.USART_HalfDuplexCmd)
    USART_ITConfig                           0x0800197b   Thumb Code    48  stm32f4xx_usart.o(i.USART_ITConfig)
    USART_Init                               0x080019ad   Thumb Code   164  stm32f4xx_usart.o(i.USART_Init)
    USART_SendData                           0x08001a59   Thumb Code     8  stm32f4xx_usart.o(i.USART_SendData)
    activateConfig                           0x08001a61   Thumb Code    38  config.o(i.activateConfig)
    afatfs_chdir                             0x080021cd   Thumb Code   104  asyncfatfs.o(i.afatfs_chdir)
    afatfs_fclose                            0x080025e9   Thumb Code    50  asyncfatfs.o(i.afatfs_fclose)
    afatfs_findFirst                         0x08002a49   Thumb Code    20  asyncfatfs.o(i.afatfs_findFirst)
    afatfs_findNext                          0x08002b19   Thumb Code    84  asyncfatfs.o(i.afatfs_findNext)
    afatfs_flush                             0x08002b6d   Thumb Code    82  asyncfatfs.o(i.afatfs_flush)
    afatfs_fseek                             0x08002c01   Thumb Code   128  asyncfatfs.o(i.afatfs_fseek)
    afatfs_ftruncate                         0x08002dc1   Thumb Code    76  asyncfatfs.o(i.afatfs_ftruncate)
    afatfs_getFilesystemState                0x08002f95   Thumb Code     6  asyncfatfs.o(i.afatfs_getFilesystemState)
    afatfs_init                              0x08002fa1   Thumb Code    20  asyncfatfs.o(i.afatfs_init)
    afatfs_isFull                            0x08003189   Thumb Code     8  asyncfatfs.o(i.afatfs_isFull)
    afatfs_poll                              0x08003279   Thumb Code    70  asyncfatfs.o(i.afatfs_poll)
    blackboxDeviceOpen                       0x0800342d   Thumb Code    50  blackbox_io.o(i.blackboxDeviceOpen)
    calculateRxChannelsAndUpdateFailsafe     0x08003519   Thumb Code    48  rx.o(i.calculateRxChannelsAndUpdateFailsafe)
    checkEEPROMContainsValidData             0x0800354d   Thumb Code     4  config.o(i.checkEEPROMContainsValidData)
    configTimeBaseMhz                        0x08003551   Thumb Code    68  timer.o(i.configTimeBaseMhz)
    createDefaultConfig                      0x080035ad   Thumb Code   496  config.o(i.createDefaultConfig)
    delay                                    0x080037b9   Thumb Code    22  system.o(i.delay)
    delayMicroseconds                        0x080037d1   Thumb Code    24  system.o(i.delayMicroseconds)
    fat16_isEndOfChainMarker                 0x080038f9   Thumb Code    16  fat_standard.o(i.fat16_isEndOfChainMarker)
    fat32_decodeClusterNumber                0x08003909   Thumb Code     6  fat_standard.o(i.fat32_decodeClusterNumber)
    fat32_isEndOfChainMarker                 0x08003911   Thumb Code    14  fat_standard.o(i.fat32_isEndOfChainMarker)
    fat_convertFilenameToFATStyle            0x08003925   Thumb Code    80  fat_standard.o(i.fat_convertFilenameToFATStyle)
    fat_isDirectoryEntryEmpty                0x08003975   Thumb Code    14  fat_standard.o(i.fat_isDirectoryEntryEmpty)
    fat_isDirectoryEntryTerminator           0x08003983   Thumb Code    12  fat_standard.o(i.fat_isDirectoryEntryTerminator)
    fat_isFreeSpace                          0x0800398f   Thumb Code    10  fat_standard.o(i.fat_isFreeSpace)
    feature                                  0x08003999   Thumb Code    16  feature.o(i.feature)
    featureClear                             0x080039ad   Thumb Code    10  feature.o(i.featureClear)
    featureConfigured                        0x080039bd   Thumb Code    16  feature.o(i.featureConfigured)
    featureSet                               0x080039d1   Thumb Code    10  feature.o(i.featureSet)
    findNextSerialPortConfig                 0x080039e1   Thumb Code    36  serial.o(i.findNextSerialPortConfig)
    findSerialPortConfig                     0x08003a09   Thumb Code    10  serial.o(i.findSerialPortConfig)
    findSerialPortIndexByIdentifier          0x08003a19   Thumb Code    24  serial.o(i.findSerialPortIndexByIdentifier)
    findSerialPortUsageByIdentifier          0x08003a35   Thumb Code    36  serial.o(i.findSerialPortUsageByIdentifier)
    fputc                                    0x08003a5d   Thumb Code    14  main.o(i.fputc)
    generateThrottleCurve                    0x08003a7d   Thumb Code   116  fc_rc.o(i.generateThrottleCurve)
    getMotorCount                            0x08003af9   Thumb Code     6  mixer.o(i.getMotorCount)
    initBlackbox                             0x08003b31   Thumb Code    44  blackbox.o(i.initBlackbox)
    initEEPROM                               0x08003b61   Thumb Code     2  config_eeprom.o(i.initEEPROM)
    initEscEndpoints                         0x08003b65   Thumb Code    38  mixer.o(i.initEscEndpoints)
    intFeatureClearAll                       0x08003b91   Thumb Code     6  feature.o(i.intFeatureClearAll)
    intFeatureSet                            0x08003b97   Thumb Code     8  feature.o(i.intFeatureSet)
    isModeActivationConditionPresent         0x08003b9f   Thumb Code    38  rc_controls.o(i.isModeActivationConditionPresent)
    isUartTransmitBufferEmpty                0x08003bc5   Thumb Code    26  serial_uart.o(i.isUartTransmitBufferEmpty)
    latchActiveFeatures                      0x08003be1   Thumb Code    10  feature.o(i.latchActiveFeatures)
    main                                     0x08003c3d   Thumb Code   224  main.o(i.main)
    micros                                   0x08003d2d   Thumb Code    74  system.o(i.micros)
    microsISR                                0x08003d81   Thumb Code    72  system.o(i.microsISR)
    millis                                   0x08003dcd   Thumb Code     6  system.o(i.millis)
    mixTable                                 0x08003dd9   Thumb Code    28  mixer.o(i.mixTable)
    mixerConfigurationOutput                 0x08003e01   Thumb Code    44  mixer.o(i.mixerConfigurationOutput)
    mixerInit                                0x08003e39   Thumb Code    10  mixer.o(i.mixerInit)
    mixerResetDisarmedMotors                 0x08003e49   Thumb Code    24  mixer.o(i.mixerResetDisarmedMotors)
    mixerUseConfigs                          0x08003e69   Thumb Code     8  mixer.o(i.mixerUseConfigs)
    motorInit                                0x08003e75   Thumb Code   252  pwm_output.o(i.motorInit)
    mwArm                                    0x08003f8d   Thumb Code    46  fc_core.o(i.mwArm)
    openSerialPort                           0x08003fc9   Thumb Code    94  serial.o(i.openSerialPort)
    parseRcChannels                          0x08004035   Thumb Code    50  rx.o(i.parseRcChannels)
    processRcStickPositions                  0x0800406d   Thumb Code    14  rc_controls.o(i.processRcStickPositions)
    processRx                                0x08004081   Thumb Code    14  fc_core.o(i.processRx)
    pwmAreMotorsEnabled                      0x08004091   Thumb Code     6  pwm_output.o(i.pwmAreMotorsEnabled)
    pwmCompleteMotorUpdate                   0x0800409d   Thumb Code     6  pwm_output.o(i.pwmCompleteMotorUpdate)
    pwmWriteMotor                            0x08004185   Thumb Code     6  pwm_output.o(i.pwmWriteMotor)
    readBitfield                             0x080041a9   Thumb Code    58  sdcard_standard.o(i.readBitfield)
    readEEPROM                               0x080041e5   Thumb Code    24  config_eeprom.o(i.readEEPROM)
    resetAllRxChannelRangeConfigurations     0x08004279   Thumb Code    24  rx.o(i.resetAllRxChannelRangeConfigurations)
    resetEEPROM                              0x08004291   Thumb Code    18  config.o(i.resetEEPROM)
    resetProfile                             0x0800436d   Thumb Code    92  config.o(i.resetProfile)
    resetRcControlsConfig                    0x080043c9   Thumb Code    16  config.o(i.resetRcControlsConfig)
    rxInit                                   0x080043ed   Thumb Code   180  rx.o(i.rxInit)
    rxSerial3TestInit                        0x080044c5   Thumb Code    40  rxserial3test.o(i.rxSerial3TestInit)
    rxSerial3TestWrite                       0x080044f1   Thumb Code    10  rxserial3test.o(i.rxSerial3TestWrite)
    rxUpdateCheck                            0x08004501   Thumb Code    76  rx.o(i.rxUpdateCheck)
    sbusInit                                 0x0800467d   Thumb Code   104  sbus.o(i.sbusInit)
    scaleRange                               0x08004715   Thumb Code    24  maths.o(i.scaleRange)
    sdcardInsertionDetectInit                0x0800472d   Thumb Code    32  sdcard.o(i.sdcardInsertionDetectInit)
    sdcard_beginWriteBlocks                  0x08004751   Thumb Code    98  sdcard.o(i.sdcard_beginWriteBlocks)
    sdcard_init                              0x080048c1   Thumb Code   120  sdcard.o(i.sdcard_init)
    sdcard_isInserted                        0x08004949   Thumb Code    16  sdcard.o(i.sdcard_isInserted)
    sdcard_poll                              0x0800495d   Thumb Code   698  sdcard.o(i.sdcard_poll)
    sdcard_readBlock                         0x08004c21   Thumb Code    92  sdcard.o(i.sdcard_readBlock)
    sdcard_writeBlock                        0x08004e65   Thumb Code   154  sdcard.o(i.sdcard_writeBlock)
    serialInit                               0x08004f09   Thumb Code    38  serial.o(i.serialInit)
    serialRxInit                             0x08004f3d   Thumb Code    18  rx.o(i.serialRxInit)
    serialUART                               0x08004f51   Thumb Code   264  serial_uart_stm32f4xx.o(i.serialUART)
    serialUART1                              0x08005061   Thumb Code    12  serial_uart_stm32f4xx.o(i.serialUART1)
    serialUART3                              0x0800506d   Thumb Code    12  serial_uart_stm32f4xx.o(i.serialUART3)
    serialUART6                              0x08005079   Thumb Code    12  serial_uart_stm32f4xx.o(i.serialUART6)
    serialWrite                              0x08005085   Thumb Code     6  serial.o(i.serialWrite)
    setProfile                               0x0800508d   Thumb Code    42  config.o(i.setProfile)
    spiDeviceByInstance                      0x080050c1   Thumb Code    36  bus_spi.o(i.spiDeviceByInstance)
    spiInit                                  0x080050f1   Thumb Code    28  bus_spi.o(i.spiInit)
    spiInitDevice                            0x0800510d   Thumb Code   258  bus_spi.o(i.spiInitDevice)
    spiIsBusBusy                             0x08005225   Thumb Code    32  bus_spi.o(i.spiIsBusBusy)
    spiSetDivisor                            0x08005245   Thumb Code   138  bus_spi.o(i.spiSetDivisor)
    spiTimeoutUserCallback                   0x080052d1   Thumb Code    32  bus_spi.o(i.spiTimeoutUserCallback)
    spiTransfer                              0x080052f5   Thumb Code   146  bus_spi.o(i.spiTransfer)
    spiTransferByte                          0x080053bd   Thumb Code    82  bus_spi.o(i.spiTransferByte)
    startBlackbox                            0x08005411   Thumb Code    44  blackbox.o(i.startBlackbox)
    systemInit                               0x08005475   Thumb Code    70  main.o(i.systemInit)
    targetConfiguration                      0x080054c5   Thumb Code    54  config.o(i.targetConfiguration)
    taskMainPidLoop                          0x080054fd   Thumb Code    68  fc_core.o(i.taskMainPidLoop)
    taskUpdateRxMain                         0x0800554d   Thumb Code    24  fc_tasks.o(i.taskUpdateRxMain)
    timerChCCR                               0x080055e3   Thumb Code    10  timer.o(i.timerChCCR)
    timerClockDivisor                        0x080055ed   Thumb Code    38  timer_stm32f4xx.o(i.timerClockDivisor)
    timerForceOverflow                       0x08005629   Thumb Code    46  timer.o(i.timerForceOverflow)
    timerGetByTag                            0x0800565d   Thumb Code    54  timer.o(i.timerGetByTag)
    timerInit                                0x08005699   Thumb Code   120  timer.o(i.timerInit)
    timerOCInit                              0x0800571d   Thumb Code    40  timer.o(i.timerOCInit)
    timerOCPreloadConfig                     0x08005745   Thumb Code    40  timer.o(i.timerOCPreloadConfig)
    timerRCC                                 0x0800576d   Thumb Code    30  timer.o(i.timerRCC)
    uartIrqHandler                           0x08005791   Thumb Code   150  serial_uart_stm32f4xx.o(i.uartIrqHandler)
    uartOpen                                 0x08005829   Thumb Code   360  serial_uart.o(i.uartOpen)
    uartRead                                 0x0800599d   Thumb Code    44  serial_uart.o(i.uartRead)
    uartSetBaudRate                          0x08005a55   Thumb Code     6  serial_uart.o(i.uartSetBaudRate)
    uartSetMode                              0x08005a5b   Thumb Code     6  serial_uart.o(i.uartSetMode)
    uartStartTxDMA                           0x08005a61   Thumb Code    74  serial_uart.o(i.uartStartTxDMA)
    uartTotalRxBytesWaiting                  0x08005aab   Thumb Code    24  serial_uart.o(i.uartTotalRxBytesWaiting)
    uartTotalTxBytesFree                     0x08005ac3   Thumb Code    38  serial_uart.o(i.uartTotalTxBytesFree)
    uartWrite                                0x08005ae9   Thumb Code    48  serial_uart.o(i.uartWrite)
    updateLEDs                               0x08005b19   Thumb Code    54  fc_core.o(i.updateLEDs)
    updateRcCommands                         0x08005b55   Thumb Code   274  fc_rc.o(i.updateRcCommands)
    useRcControlsConfig                      0x08005c85   Thumb Code    22  rc_controls.o(i.useRcControlsConfig)
    validateAndFixConfig                     0x08005ca1   Thumb Code    64  config.o(i.validateAndFixConfig)
    validateAndFixGyroConfig                 0x08005ce1   Thumb Code    38  config.o(i.validateAndFixGyroConfig)
    validateBlackboxConfig                   0x08005d0d   Thumb Code    76  blackbox.o(i.validateBlackboxConfig)
    writeMotors                              0x08005d5d   Thumb Code    44  mixer.o(i.writeMotors)
    _get_lc_ctype                            0x08005d91   Thumb Code    44  lc_ctype_c.o(locale$$code)
    _fp_init                                 0x08005dbd   Thumb Code    10  fpinit.o(x$fpl$fpinit)
    __fplib_config_fpu_vfp                   0x08005dc5   Thumb Code     0  fpinit.o(x$fpl$fpinit)
    __fplib_config_pureend_doubles           0x08005dc5   Thumb Code     0  fpinit.o(x$fpl$fpinit)
    timerHardware                            0x08005dc8   Data         168  target.o(.constdata)
    ioPortDefs                               0x08005e8f   Data           6  io.o(.constdata)
    serialPortIdentifiers                    0x08005ea0   Data           3  serial.o(.constdata)
    uartVTable                               0x08005ea4   Data          40  serial_uart.o(.constdata)
    timerDefinitions                         0x08005ecc   Data         112  timer_stm32f4xx.o(.constdata)
    rcChannelLetters                         0x08005ffb   Data          21  rx.o(.constdata)
    Region$$Table$$Base                      0x08006020   Number         0  anon$$obj.o(Region$$Table)
    Region$$Table$$Limit                     0x08006040   Number         0  anon$$obj.o(Region$$Table)
    __ctype                                  0x0800604d   Data           0  lc_ctype_c.o(locale$$data)
    systemState                              0x20000010   Data           1  main.o(.data)
    __stdout                                 0x20000014   Data           4  main.o(.data)
    SystemCoreClock                          0x20000018   Data           4  system_stm32f4xx.o(.data)
    AHBPrescTable                            0x2000001c   Data          16  system_stm32f4xx.o(.data)
    sysTickUptime                            0x20000030   Data           4  system.o(.data)
    pwmMotorsEnabled                         0x20000060   Data           1  pwm_output.o(.data)
    timerInfo                                0x20000e04   Data           6  timer.o(.data)
    currentProfile                           0x20000fd8   Data           4  config.o(.data)
    currentControlRateProfile                0x20000fdc   Data           4  config.o(.data)
    motorControlEnable                       0x20000fe0   Data           1  fc_core.o(.data)
    isRXDataNew                              0x20000fe8   Data           1  fc_core.o(.data)
    rcCommand                                0x20000ffc   Data           8  rc_controls.o(.data)
    armingFlags                              0x20001004   Data           1  runtime_config.o(.data)
    currentMixerMode                         0x20001009   Data           1  mixer.o(.data)
    motorOutputHigh                          0x2000100c   Data           2  mixer.o(.data)
    motorOutputLow                           0x2000100e   Data           2  mixer.o(.data)
    rxConfig                                 0x2000101c   Data           4  mixer.o(.data)
    debug                                    0x20001050   Data           8  debug.o(.data)
    debugMode                                0x20001058   Data           1  debug.o(.data)
    blackboxHeaderBudget                     0x2000106c   Data           4  blackbox_io.o(.data)
    clocks                                   0x20001070   Data          16  system.o(.bss)
    extiChannelRecs                          0x20001080   Data          64  exti.o(.bss)
    ioRecs                                   0x200010c0   Data         640  io.o(.bss)
    timerConfig                              0x200014b4   Data         240  timer.o(.bss)
    timerChannelInfo                         0x200015a4   Data          14  timer.o(.bss)
    masterConfig                             0x20001604   Data         884  config.o(.bss)
    motor                                    0x20002bb4   Data          24  mixer.o(.bss)
    motor_disarmed                           0x20002bcc   Data          24  mixer.o(.bss)
    rxRuntimeConfig                          0x20002ce4   Data          12  rx.o(.bss)
    rcRaw                                    0x20002cf0   Data          36  rx.o(.bss)
    rcData                                   0x20002d14   Data          36  rx.o(.bss)
    rcInvalidPulsPeriod                      0x20002d38   Data          72  rx.o(.bss)
    __libspace_start                         0x20002de4   Data          96  libspace.o(.bss)
    __temporary_stack_top$libspace           0x20002e44   Data           0  libspace.o(.bss)



==============================================================================

Memory Map of the image

  Image Entry point : 0x08000189

  Load Region LR_IROM1 (Base: 0x08000000, Size: 0x000071c0, Max: 0x00100000, ABSOLUTE, COMPRESSED[0x00006268])

    Execution Region ER_IROM1 (Exec base: 0x08000000, Load base: 0x08000000, Size: 0x00006150, Max: 0x00100000, ABSOLUTE)

    Exec Addr    Load Addr    Size         Type   Attr      Idx    E Section Name        Object

    0x08000000   0x08000000   0x00000188   Data   RO            3    RESET               startup_stm32f407xx.o
    0x08000188   0x08000188   0x00000008   Code   RO         6598  * !!!main             c_w.l(__main.o)
    0x08000190   0x08000190   0x00000034   Code   RO         6943    !!!scatter          c_w.l(__scatter.o)
    0x080001c4   0x080001c4   0x0000005a   Code   RO         6941    !!dczerorl2         c_w.l(__dczerorl2.o)
    0x0800021e   0x0800021e   0x00000002   PAD
    0x08000220   0x08000220   0x0000001c   Code   RO         6945    !!handler_zi        c_w.l(__scatter_zi.o)
    0x0800023c   0x0800023c   0x00000000   Code   RO         6572    .ARM.Collect$$_printf_percent$$00000000  c_w.l(_printf_percent.o)
    0x0800023c   0x0800023c   0x00000006   Code   RO         6569    .ARM.Collect$$_printf_percent$$00000009  c_w.l(_printf_d.o)
    0x08000242   0x08000242   0x00000006   Code   RO         6570    .ARM.Collect$$_printf_percent$$0000000A  c_w.l(_printf_u.o)
    0x08000248   0x08000248   0x00000006   Code   RO         6567    .ARM.Collect$$_printf_percent$$00000014  c_w.l(_printf_s.o)
    0x0800024e   0x0800024e   0x00000004   Code   RO         6701    .ARM.Collect$$_printf_percent$$00000017  c_w.l(_printf_percent_end.o)
    0x08000252   0x08000252   0x00000002   Code   RO         6867    .ARM.Collect$$libinit$$00000000  c_w.l(libinit.o)
    0x08000254   0x08000254   0x00000004   Code   RO         6702    .ARM.Collect$$libinit$$00000001  c_w.l(libinit2.o)
    0x08000258   0x08000258   0x00000000   Code   RO         6705    .ARM.Collect$$libinit$$00000004  c_w.l(libinit2.o)
    0x08000258   0x08000258   0x00000000   Code   RO         6708    .ARM.Collect$$libinit$$0000000A  c_w.l(libinit2.o)
    0x08000258   0x08000258   0x00000000   Code   RO         6710    .ARM.Collect$$libinit$$0000000C  c_w.l(libinit2.o)
    0x08000258   0x08000258   0x00000000   Code   RO         6712    .ARM.Collect$$libinit$$0000000E  c_w.l(libinit2.o)
    0x08000258   0x08000258   0x00000006   Code   RO         6713    .ARM.Collect$$libinit$$0000000F  c_w.l(libinit2.o)
    0x0800025e   0x0800025e   0x00000000   Code   RO         6715    .ARM.Collect$$libinit$$00000011  c_w.l(libinit2.o)
    0x0800025e   0x0800025e   0x0000000c   Code   RO         6716    .ARM.Collect$$libinit$$00000012  c_w.l(libinit2.o)
    0x0800026a   0x0800026a   0x00000000   Code   RO         6717    .ARM.Collect$$libinit$$00000013  c_w.l(libinit2.o)
    0x0800026a   0x0800026a   0x00000000   Code   RO         6719    .ARM.Collect$$libinit$$00000015  c_w.l(libinit2.o)
    0x0800026a   0x0800026a   0x00000000   Code   RO         6721    .ARM.Collect$$libinit$$00000017  c_w.l(libinit2.o)
    0x0800026a   0x0800026a   0x00000000   Code   RO         6723    .ARM.Collect$$libinit$$00000019  c_w.l(libinit2.o)
    0x0800026a   0x0800026a   0x00000000   Code   RO         6725    .ARM.Collect$$libinit$$0000001B  c_w.l(libinit2.o)
    0x0800026a   0x0800026a   0x00000000   Code   RO         6727    .ARM.Collect$$libinit$$0000001D  c_w.l(libinit2.o)
    0x0800026a   0x0800026a   0x00000000   Code   RO         6729    .ARM.Collect$$libinit$$0000001F  c_w.l(libinit2.o)
    0x0800026a   0x0800026a   0x00000000   Code   RO         6731    .ARM.Collect$$libinit$$00000021  c_w.l(libinit2.o)
    0x0800026a   0x0800026a   0x00000000   Code   RO         6733    .ARM.Collect$$libinit$$00000023  c_w.l(libinit2.o)
    0x0800026a   0x0800026a   0x00000000   Code   RO         6735    .ARM.Collect$$libinit$$00000025  c_w.l(libinit2.o)
    0x0800026a   0x0800026a   0x00000000   Code   RO         6739    .ARM.Collect$$libinit$$0000002C  c_w.l(libinit2.o)
    0x0800026a   0x0800026a   0x00000000   Code   RO         6741    .ARM.Collect$$libinit$$0000002E  c_w.l(libinit2.o)
    0x0800026a   0x0800026a   0x00000000   Code   RO         6743    .ARM.Collect$$libinit$$00000030  c_w.l(libinit2.o)
    0x0800026a   0x0800026a   0x00000000   Code   RO         6745    .ARM.Collect$$libinit$$00000032  c_w.l(libinit2.o)
    0x0800026a   0x0800026a   0x00000002   Code   RO         6746    .ARM.Collect$$libinit$$00000033  c_w.l(libinit2.o)
    0x0800026c   0x0800026c   0x00000002   Code   RO         6902    .ARM.Collect$$libshutdown$$00000000  c_w.l(libshutdown.o)
    0x0800026e   0x0800026e   0x00000000   Code   RO         6908    .ARM.Collect$$libshutdown$$00000002  c_w.l(libshutdown2.o)
    0x0800026e   0x0800026e   0x00000000   Code   RO         6910    .ARM.Collect$$libshutdown$$00000004  c_w.l(libshutdown2.o)
    0x0800026e   0x0800026e   0x00000000   Code   RO         6913    .ARM.Collect$$libshutdown$$00000007  c_w.l(libshutdown2.o)
    0x0800026e   0x0800026e   0x00000000   Code   RO         6916    .ARM.Collect$$libshutdown$$0000000A  c_w.l(libshutdown2.o)
    0x0800026e   0x0800026e   0x00000000   Code   RO         6918    .ARM.Collect$$libshutdown$$0000000C  c_w.l(libshutdown2.o)
    0x0800026e   0x0800026e   0x00000000   Code   RO         6921    .ARM.Collect$$libshutdown$$0000000F  c_w.l(libshutdown2.o)
    0x0800026e   0x0800026e   0x00000002   Code   RO         6922    .ARM.Collect$$libshutdown$$00000010  c_w.l(libshutdown2.o)
    0x08000270   0x08000270   0x00000000   Code   RO         6686    .ARM.Collect$$rtentry$$00000000  c_w.l(__rtentry.o)
    0x08000270   0x08000270   0x00000000   Code   RO         6778    .ARM.Collect$$rtentry$$00000002  c_w.l(__rtentry2.o)
    0x08000270   0x08000270   0x00000006   Code   RO         6790    .ARM.Collect$$rtentry$$00000004  c_w.l(__rtentry4.o)
    0x08000276   0x08000276   0x00000000   Code   RO         6780    .ARM.Collect$$rtentry$$00000009  c_w.l(__rtentry2.o)
    0x08000276   0x08000276   0x00000004   Code   RO         6781    .ARM.Collect$$rtentry$$0000000A  c_w.l(__rtentry2.o)
    0x0800027a   0x0800027a   0x00000000   Code   RO         6783    .ARM.Collect$$rtentry$$0000000C  c_w.l(__rtentry2.o)
    0x0800027a   0x0800027a   0x00000008   Code   RO         6784    .ARM.Collect$$rtentry$$0000000D  c_w.l(__rtentry2.o)
    0x08000282   0x08000282   0x00000002   Code   RO         6870    .ARM.Collect$$rtexit$$00000000  c_w.l(rtexit.o)
    0x08000284   0x08000284   0x00000000   Code   RO         6882    .ARM.Collect$$rtexit$$00000002  c_w.l(rtexit2.o)
    0x08000284   0x08000284   0x00000004   Code   RO         6883    .ARM.Collect$$rtexit$$00000003  c_w.l(rtexit2.o)
    0x08000288   0x08000288   0x00000006   Code   RO         6884    .ARM.Collect$$rtexit$$00000004  c_w.l(rtexit2.o)
    0x0800028e   0x0800028e   0x00000002   PAD
    0x08000290   0x08000290   0x00000040   Code   RO            4    .text               startup_stm32f407xx.o
    0x080002d0   0x080002d0   0x0000001e   Code   RO         6514    .text               c_w.l(toupper.o)
    0x080002ee   0x080002ee   0x00000002   PAD
    0x080002f0   0x080002f0   0x00000018   Code   RO         6518    .text               c_w.l(noretval__2printf.o)
    0x08000308   0x08000308   0x00000068   Code   RO         6520    .text               c_w.l(__printf.o)
    0x08000370   0x08000370   0x00000052   Code   RO         6522    .text               c_w.l(_printf_str.o)
    0x080003c2   0x080003c2   0x00000002   PAD
    0x080003c4   0x080003c4   0x00000078   Code   RO         6524    .text               c_w.l(_printf_dec.o)
    0x0800043c   0x0800043c   0x00000014   Code   RO         6578    .text               c_w.l(strchr.o)
    0x08000450   0x08000450   0x00000096   Code   RO         6582    .text               c_w.l(strncmp.o)
    0x080004e6   0x080004e6   0x00000064   Code   RO         6584    .text               c_w.l(rt_memcpy_w.o)
    0x0800054a   0x0800054a   0x00000010   Code   RO         6586    .text               c_w.l(aeabi_memset.o)
    0x0800055a   0x0800055a   0x00000044   Code   RO         6588    .text               c_w.l(rt_memclr.o)
    0x0800059e   0x0800059e   0x0000004e   Code   RO         6590    .text               c_w.l(rt_memclr_w.o)
    0x080005ec   0x080005ec   0x00000056   Code   RO         6592    .text               c_w.l(strncpy.o)
    0x08000642   0x08000642   0x00000002   PAD
    0x08000644   0x08000644   0x00000080   Code   RO         6594    .text               c_w.l(strcmpv7m.o)
    0x080006c4   0x080006c4   0x00000006   Code   RO         6596    .text               c_w.l(heapauxi.o)
    0x080006ca   0x080006ca   0x00000002   PAD
    0x080006cc   0x080006cc   0x00000010   Code   RO         6687    .text               c_w.l(rt_ctype_table.o)
    0x080006dc   0x080006dc   0x000000b2   Code   RO         6693    .text               c_w.l(_printf_intcommon.o)
    0x0800078e   0x0800078e   0x0000002c   Code   RO         6697    .text               c_w.l(_printf_char.o)
    0x080007ba   0x080007ba   0x00000002   PAD
    0x080007bc   0x080007bc   0x00000024   Code   RO         6699    .text               c_w.l(_printf_char_file.o)
    0x080007e0   0x080007e0   0x00000008   Code   RO         6795    .text               c_w.l(rt_locale_intlibspace.o)
    0x080007e8   0x080007e8   0x00000030   Code   RO         6804    .text               c_w.l(_printf_char_common.o)
    0x08000818   0x08000818   0x00000008   Code   RO         6833    .text               c_w.l(ferror.o)
    0x08000820   0x08000820   0x00000008   Code   RO         6849    .text               c_w.l(libspace.o)
    0x08000828   0x08000828   0x0000004a   Code   RO         6852    .text               c_w.l(sys_stackheap_outer.o)
    0x08000872   0x08000872   0x00000012   Code   RO         6856    .text               c_w.l(exit.o)
    0x08000884   0x08000884   0x00000002   Code   RO         6878    .text               c_w.l(use_no_semi.o)
    0x08000886   0x08000886   0x00000000   Code   RO         6880    .text               c_w.l(indicate_semi.o)
    0x08000886   0x08000886   0x00000002   PAD
    0x08000888   0x08000888   0x0000000c   Code   RO         6894    .text               c_w.l(sys_exit.o)
    0x08000894   0x08000894   0x00000010   Code   RO         4804    i.DMA1_Stream0_IRQHandler  dma_stm32f4xx.o
    0x080008a4   0x080008a4   0x00000014   Code   RO         4805    i.DMA1_Stream1_IRQHandler  dma_stm32f4xx.o
    0x080008b8   0x080008b8   0x00000014   Code   RO         4806    i.DMA1_Stream2_IRQHandler  dma_stm32f4xx.o
    0x080008cc   0x080008cc   0x00000014   Code   RO         4807    i.DMA1_Stream3_IRQHandler  dma_stm32f4xx.o
    0x080008e0   0x080008e0   0x00000014   Code   RO         4808    i.DMA1_Stream4_IRQHandler  dma_stm32f4xx.o
    0x080008f4   0x080008f4   0x00000014   Code   RO         4809    i.DMA1_Stream5_IRQHandler  dma_stm32f4xx.o
    0x08000908   0x08000908   0x00000014   Code   RO         4810    i.DMA1_Stream6_IRQHandler  dma_stm32f4xx.o
    0x0800091c   0x0800091c   0x00000014   Code   RO         4811    i.DMA1_Stream7_IRQHandler  dma_stm32f4xx.o
    0x08000930   0x08000930   0x00000014   Code   RO         4812    i.DMA2_Stream0_IRQHandler  dma_stm32f4xx.o
    0x08000944   0x08000944   0x00000014   Code   RO         4813    i.DMA2_Stream1_IRQHandler  dma_stm32f4xx.o
    0x08000958   0x08000958   0x00000018   Code   RO         4814    i.DMA2_Stream2_IRQHandler  dma_stm32f4xx.o
    0x08000970   0x08000970   0x00000018   Code   RO         4815    i.DMA2_Stream3_IRQHandler  dma_stm32f4xx.o
    0x08000988   0x08000988   0x00000018   Code   RO         4816    i.DMA2_Stream4_IRQHandler  dma_stm32f4xx.o
    0x080009a0   0x080009a0   0x00000018   Code   RO         4817    i.DMA2_Stream5_IRQHandler  dma_stm32f4xx.o
    0x080009b8   0x080009b8   0x00000018   Code   RO         4818    i.DMA2_Stream6_IRQHandler  dma_stm32f4xx.o
    0x080009d0   0x080009d0   0x00000018   Code   RO         4819    i.DMA2_Stream7_IRQHandler  dma_stm32f4xx.o
    0x080009e8   0x080009e8   0x00000014   Code   RO          123    i.DMA_Cmd           stm32f4xx_dma.o
    0x080009fc   0x080009fc   0x00000124   Code   RO          124    i.DMA_DeInit        stm32f4xx_dma.o
    0x08000b20   0x08000b20   0x00000006   Code   RO          129    i.DMA_GetCurrDataCounter  stm32f4xx_dma.o
    0x08000b26   0x08000b26   0x0000002c   Code   RO          134    i.DMA_ITConfig      stm32f4xx_dma.o
    0x08000b52   0x08000b52   0x00000002   PAD
    0x08000b54   0x08000b54   0x00000054   Code   RO          135    i.DMA_Init          stm32f4xx_dma.o
    0x08000ba8   0x08000ba8   0x0000000a   Code   RO          136    i.DMA_MemoryTargetConfig  stm32f4xx_dma.o
    0x08000bb2   0x08000bb2   0x00000004   Code   RO          138    i.DMA_SetCurrDataCounter  stm32f4xx_dma.o
    0x08000bb6   0x08000bb6   0x00000022   Code   RO          139    i.DMA_StructInit    stm32f4xx_dma.o
    0x08000bd8   0x08000bd8   0x00000004   Code   RO         3273    i.EXTI0_IRQHandler  exti.o
    0x08000bdc   0x08000bdc   0x00000004   Code   RO         3274    i.EXTI15_10_IRQHandler  exti.o
    0x08000be0   0x08000be0   0x00000004   Code   RO         3275    i.EXTI1_IRQHandler  exti.o
    0x08000be4   0x08000be4   0x00000004   Code   RO         3276    i.EXTI2_IRQHandler  exti.o
    0x08000be8   0x08000be8   0x00000004   Code   RO         3277    i.EXTI3_IRQHandler  exti.o
    0x08000bec   0x08000bec   0x00000004   Code   RO         3278    i.EXTI4_IRQHandler  exti.o
    0x08000bf0   0x08000bf0   0x00000004   Code   RO         3279    i.EXTI9_5_IRQHandler  exti.o
    0x08000bf4   0x08000bf4   0x00000028   Code   RO         3283    i.EXTIInit          exti.o
    0x08000c1c   0x08000c1c   0x00000040   Code   RO         3285    i.EXTI_IRQHandler   exti.o
    0x08000c5c   0x08000c5c   0x00000094   Code   RO         2336    i.EnableGPIOClk     main.o
    0x08000cf0   0x08000cf0   0x000000a2   Code   RO          578    i.GPIO_Init         stm32f4xx_gpio.o
    0x08000d92   0x08000d92   0x00000020   Code   RO          579    i.GPIO_PinAFConfig  stm32f4xx_gpio.o
    0x08000db2   0x08000db2   0x00000012   Code   RO          587    i.GPIO_StructInit   stm32f4xx_gpio.o
    0x08000dc4   0x08000dc4   0x00000048   Code   RO         3461    i.IOConfigGPIO      io.o
    0x08000e0c   0x08000e0c   0x0000005c   Code   RO         3462    i.IOConfigGPIOAF    io.o
    0x08000e68   0x08000e68   0x0000006c   Code   RO         3463    i.IOGetByTag        io.o
    0x08000ed4   0x08000ed4   0x00000040   Code   RO         3464    i.IOGlobalInit      io.o
    0x08000f14   0x08000f14   0x0000000c   Code   RO         3465    i.IOHi              io.o
    0x08000f20   0x08000f20   0x00000006   Code   RO         3466    i.IOInit            io.o
    0x08000f26   0x08000f26   0x0000000e   Code   RO         3467    i.IOLo              io.o
    0x08000f34   0x08000f34   0x00000016   Code   RO         3468    i.IORead            io.o
    0x08000f4a   0x08000f4a   0x00000012   Code   RO         3471    i.IOWrite           io.o
    0x08000f5c   0x08000f5c   0x00000014   Code   RO         3476    i.IO_GPIOPinIdx     io.o
    0x08000f70   0x08000f70   0x00000018   Code   RO         3477    i.IO_GPIOPortIdx    io.o
    0x08000f88   0x08000f88   0x00000004   Code   RO         3478    i.IO_GPIO_PinSource  io.o
    0x08000f8c   0x08000f8c   0x00000088   Code   RO         3601    i.LedInit           led.o
    0x08001014   0x08001014   0x00000028   Code   RO         3602    i.LedSet            led.o
    0x0800103c   0x0800103c   0x00000064   Code   RO           13    i.NVIC_Init         misc.o
    0x080010a0   0x080010a0   0x00000014   Code   RO           14    i.NVIC_PriorityGroupConfig  misc.o
    0x080010b4   0x080010b4   0x00000018   Code   RO          793    i.RCC_AHB1PeriphClockCmd  stm32f4xx_rcc.o
    0x080010cc   0x080010cc   0x00000018   Code   RO          795    i.RCC_AHB1PeriphResetCmd  stm32f4xx_rcc.o
    0x080010e4   0x080010e4   0x00000018   Code   RO          796    i.RCC_AHB2PeriphClockCmd  stm32f4xx_rcc.o
    0x080010fc   0x080010fc   0x00000018   Code   RO          802    i.RCC_APB1PeriphClockCmd  stm32f4xx_rcc.o
    0x08001114   0x08001114   0x00000018   Code   RO          804    i.RCC_APB1PeriphResetCmd  stm32f4xx_rcc.o
    0x0800112c   0x0800112c   0x00000018   Code   RO          805    i.RCC_APB2PeriphClockCmd  stm32f4xx_rcc.o
    0x08001144   0x08001144   0x00000018   Code   RO          807    i.RCC_APB2PeriphResetCmd  stm32f4xx_rcc.o
    0x0800115c   0x0800115c   0x00000010   Code   RO          810    i.RCC_ClearFlag     stm32f4xx_rcc.o
    0x0800116c   0x0800116c   0x00000024   Code   RO         3900    i.RCC_ClockCmd      rcc.o
    0x08001190   0x08001190   0x00000090   Code   RO          814    i.RCC_GetClocksFreq  stm32f4xx_rcc.o
    0x08001220   0x08001220   0x00000024   Code   RO         3901    i.RCC_ResetCmd      rcc.o
    0x08001244   0x08001244   0x00000020   Code   RO         4944    i.ResetLedStatusConfig  config.o
    0x08001264   0x08001264   0x0000002c   Code   RO         4945    i.ResetLedTimerConfig  config.o
    0x08001290   0x08001290   0x0000004c   Code   RO         4947    i.ResetMotorConfig  config.o
    0x080012dc   0x080012dc   0x0000003c   Code   RO         4948    i.ResetSerialConfig  config.o
    0x08001318   0x08001318   0x00000064   Code   RO         4949    i.ResetSerialPinConfig  config.o
    0x0800137c   0x0800137c   0x00000014   Code   RO         1338    i.SPI_Cmd           stm32f4xx_spi.o
    0x08001390   0x08001390   0x00000084   Code   RO         1345    i.SPI_I2S_DeInit    stm32f4xx_spi.o
    0x08001414   0x08001414   0x0000000e   Code   RO         1346    i.SPI_I2S_GetFlagStatus  stm32f4xx_spi.o
    0x08001422   0x08001422   0x00000004   Code   RO         1349    i.SPI_I2S_ReceiveData  stm32f4xx_spi.o
    0x08001426   0x08001426   0x00000004   Code   RO         1350    i.SPI_I2S_SendData  stm32f4xx_spi.o
    0x0800142a   0x0800142a   0x00000038   Code   RO         1351    i.SPI_Init          stm32f4xx_spi.o
    0x08001462   0x08001462   0x00000002   PAD
    0x08001464   0x08001464   0x000000b4   Code   RO         2604    i.SetSysClock       system_stm32f4xx.o
    0x08001518   0x08001518   0x00000024   Code   RO         2675    i.SysTick_Handler   system.o
    0x0800153c   0x0800153c   0x00000024   Code   RO         2676    i.SysTick_Init      system.o
    0x08001560   0x08001560   0x0000005c   Code   RO         2606    i.SystemInit        system_stm32f4xx.o
    0x080015bc   0x080015bc   0x00000010   Code   RO         4385    i.TIM1_CC_IRQHandler  timer.o
    0x080015cc   0x080015cc   0x00000010   Code   RO         4386    i.TIM2_IRQHandler   timer.o
    0x080015dc   0x080015dc   0x00000010   Code   RO         4387    i.TIM3_IRQHandler   timer.o
    0x080015ec   0x080015ec   0x00000010   Code   RO         4388    i.TIM4_IRQHandler   timer.o
    0x080015fc   0x080015fc   0x00000014   Code   RO         1574    i.TIM_Cmd           stm32f4xx_tim.o
    0x08001610   0x08001610   0x00000016   Code   RO         1576    i.TIM_CtrlPWMOutputs  stm32f4xx_tim.o
    0x08001626   0x08001626   0x00000002   PAD
    0x08001628   0x08001628   0x00000060   Code   RO         1603    i.TIM_OC1Init       stm32f4xx_tim.o
    0x08001688   0x08001688   0x0000000c   Code   RO         1606    i.TIM_OC1PreloadConfig  stm32f4xx_tim.o
    0x08001694   0x08001694   0x00000080   Code   RO         1608    i.TIM_OC2Init       stm32f4xx_tim.o
    0x08001714   0x08001714   0x00000014   Code   RO         1611    i.TIM_OC2PreloadConfig  stm32f4xx_tim.o
    0x08001728   0x08001728   0x0000007c   Code   RO         1613    i.TIM_OC3Init       stm32f4xx_tim.o
    0x080017a4   0x080017a4   0x0000000c   Code   RO         1616    i.TIM_OC3PreloadConfig  stm32f4xx_tim.o
    0x080017b0   0x080017b0   0x00000060   Code   RO         1618    i.TIM_OC4Init       stm32f4xx_tim.o
    0x08001810   0x08001810   0x00000014   Code   RO         1620    i.TIM_OC4PreloadConfig  stm32f4xx_tim.o
    0x08001824   0x08001824   0x00000014   Code   RO         1621    i.TIM_OCStructInit  stm32f4xx_tim.o
    0x08001838   0x08001838   0x0000007c   Code   RO         1646    i.TIM_TimeBaseInit  stm32f4xx_tim.o
    0x080018b4   0x080018b4   0x00000012   Code   RO         1647    i.TIM_TimeBaseStructInit  stm32f4xx_tim.o
    0x080018c6   0x080018c6   0x00000002   PAD
    0x080018c8   0x080018c8   0x00000010   Code   RO         4271    i.USART1_IRQHandler  serial_uart_stm32f4xx.o
    0x080018d8   0x080018d8   0x00000010   Code   RO         4272    i.USART3_IRQHandler  serial_uart_stm32f4xx.o
    0x080018e8   0x080018e8   0x00000010   Code   RO         4273    i.USART6_IRQHandler  serial_uart_stm32f4xx.o
    0x080018f8   0x080018f8   0x0000000c   Code   RO         2112    i.USART_ClearITPendingBit  stm32f4xx_usart.o
    0x08001904   0x08001904   0x00000014   Code   RO         2115    i.USART_Cmd         stm32f4xx_usart.o
    0x08001918   0x08001918   0x00000010   Code   RO         2116    i.USART_DMACmd      stm32f4xx_usart.o
    0x08001928   0x08001928   0x0000003e   Code   RO         2119    i.USART_GetITStatus  stm32f4xx_usart.o
    0x08001966   0x08001966   0x00000014   Code   RO         2120    i.USART_HalfDuplexCmd  stm32f4xx_usart.o
    0x0800197a   0x0800197a   0x00000030   Code   RO         2121    i.USART_ITConfig    stm32f4xx_usart.o
    0x080019aa   0x080019aa   0x00000002   PAD
    0x080019ac   0x080019ac   0x000000ac   Code   RO         2122    i.USART_Init        stm32f4xx_usart.o
    0x08001a58   0x08001a58   0x00000008   Code   RO         2132    i.USART_SendData    stm32f4xx_usart.o
    0x08001a60   0x08001a60   0x00000034   Code   RO         4950    i.activateConfig    config.o
    0x08001a94   0x08001a94   0x00000138   Code   RO         5369    i.afatfs_FATFillWithPattern  asyncfatfs.o
    0x08001bcc   0x08001bcc   0x00000050   Code   RO         5370    i.afatfs_FATGetNextCluster  asyncfatfs.o
    0x08001c1c   0x08001c1c   0x00000018   Code   RO         5371    i.afatfs_FATIsEndOfChainMarker  asyncfatfs.o
    0x08001c34   0x08001c34   0x00000040   Code   RO         5372    i.afatfs_FATSetNextCluster  asyncfatfs.o
    0x08001c74   0x08001c74   0x000000f0   Code   RO         5373    i.afatfs_allocateCacheSector  asyncfatfs.o
    0x08001d64   0x08001d64   0x000000f8   Code   RO         5374    i.afatfs_allocateDirectoryEntry  asyncfatfs.o
    0x08001e5c   0x08001e5c   0x000000d4   Code   RO         5375    i.afatfs_appendRegularFreeClusterContinue  asyncfatfs.o
    0x08001f30   0x08001f30   0x000000c4   Code   RO         5376    i.afatfs_appendSuperclusterContinue  asyncfatfs.o
    0x08001ff4   0x08001ff4   0x0000006c   Code   RO         5377    i.afatfs_assert     asyncfatfs.o
    0x08002060   0x08002060   0x00000010   Code   RO         5378    i.afatfs_byteIndexInCluster  asyncfatfs.o
    0x08002070   0x08002070   0x0000005c   Code   RO         5379    i.afatfs_cacheFlushSector  asyncfatfs.o
    0x080020cc   0x080020cc   0x000000e0   Code   RO         5380    i.afatfs_cacheSector  asyncfatfs.o
    0x080021ac   0x080021ac   0x00000020   Code   RO         5381    i.afatfs_cacheSectorMarkDirty  asyncfatfs.o
    0x080021cc   0x080021cc   0x00000070   Code   RO         5382    i.afatfs_chdir      asyncfatfs.o
    0x0800223c   0x0800223c   0x00000010   Code   RO         5383    i.afatfs_clusterSize  asyncfatfs.o
    0x0800224c   0x0800224c   0x00000088   Code   RO         5384    i.afatfs_createFile  asyncfatfs.o
    0x080022d4   0x080022d4   0x0000019c   Code   RO         5385    i.afatfs_createFileContinue  asyncfatfs.o
    0x08002470   0x08002470   0x00000148   Code   RO         5386    i.afatfs_extendSubdirectoryContinue  asyncfatfs.o
    0x080025b8   0x080025b8   0x00000018   Code   RO         5387    i.afatfs_fatEntriesPerSector  asyncfatfs.o
    0x080025d0   0x080025d0   0x00000018   Code   RO         5388    i.afatfs_fatSectorToPhysical  asyncfatfs.o
    0x080025e8   0x080025e8   0x00000032   Code   RO         5389    i.afatfs_fclose     asyncfatfs.o
    0x0800261a   0x0800261a   0x00000002   PAD
    0x0800261c   0x0800261c   0x000000b8   Code   RO         5390    i.afatfs_fcloseContinue  asyncfatfs.o
    0x080026d4   0x080026d4   0x00000038   Code   RO         5391    i.afatfs_fileGetCursorPhysicalSector  asyncfatfs.o
    0x0800270c   0x0800270c   0x00000040   Code   RO         5392    i.afatfs_fileGetNextCluster  asyncfatfs.o
    0x0800274c   0x0800274c   0x0000000c   Code   RO         5393    i.afatfs_fileIsBusy  asyncfatfs.o
    0x08002758   0x08002758   0x00000100   Code   RO         5394    i.afatfs_fileOperationContinue  asyncfatfs.o
    0x08002858   0x08002858   0x00000078   Code   RO         5395    i.afatfs_fileRetainCursorSectorForRead  asyncfatfs.o
    0x080028d0   0x080028d0   0x00000054   Code   RO         5396    i.afatfs_fileUnlockCacheSector  asyncfatfs.o
    0x08002924   0x08002924   0x0000000e   Code   RO         5397    i.afatfs_fileUpdateFilesize  asyncfatfs.o
    0x08002932   0x08002932   0x00000002   PAD
    0x08002934   0x08002934   0x00000114   Code   RO         5398    i.afatfs_findClusterWithCondition  asyncfatfs.o
    0x08002a48   0x08002a48   0x00000014   Code   RO         5399    i.afatfs_findFirst  asyncfatfs.o
    0x08002a5c   0x08002a5c   0x000000bc   Code   RO         5400    i.afatfs_findLargestContiguousFreeBlockContinue  asyncfatfs.o
    0x08002b18   0x08002b18   0x00000054   Code   RO         5402    i.afatfs_findNext   asyncfatfs.o
    0x08002b6c   0x08002b6c   0x0000005c   Code   RO         5403    i.afatfs_flush      asyncfatfs.o
    0x08002bc8   0x08002bc8   0x00000038   Code   RO         5404    i.afatfs_freeFileCreated  asyncfatfs.o
    0x08002c00   0x08002c00   0x00000090   Code   RO         5405    i.afatfs_fseek      asyncfatfs.o
    0x08002c90   0x08002c90   0x00000078   Code   RO         5406    i.afatfs_fseekAtomic  asyncfatfs.o
    0x08002d08   0x08002d08   0x0000003a   Code   RO         5407    i.afatfs_fseekInternal  asyncfatfs.o
    0x08002d42   0x08002d42   0x0000007c   Code   RO         5408    i.afatfs_fseekInternalContinue  asyncfatfs.o
    0x08002dbe   0x08002dbe   0x00000002   PAD
    0x08002dc0   0x08002dc0   0x00000050   Code   RO         5409    i.afatfs_ftruncate  asyncfatfs.o
    0x08002e10   0x08002e10   0x00000114   Code   RO         5410    i.afatfs_ftruncateContinue  asyncfatfs.o
    0x08002f24   0x08002f24   0x00000030   Code   RO         5411    i.afatfs_getCacheDescriptorIndexForBuffer  asyncfatfs.o
    0x08002f54   0x08002f54   0x00000040   Code   RO         5412    i.afatfs_getFATPositionForCluster  asyncfatfs.o
    0x08002f94   0x08002f94   0x0000000c   Code   RO         5413    i.afatfs_getFilesystemState  asyncfatfs.o
    0x08002fa0   0x08002fa0   0x00000018   Code   RO         5414    i.afatfs_init       asyncfatfs.o
    0x08002fb8   0x08002fb8   0x0000018c   Code   RO         5415    i.afatfs_initContinue  asyncfatfs.o
    0x08003144   0x08003144   0x00000014   Code   RO         5416    i.afatfs_initFileHandle  asyncfatfs.o
    0x08003158   0x08003158   0x00000030   Code   RO         5417    i.afatfs_isEndOfAllocatedFile  asyncfatfs.o
    0x08003188   0x08003188   0x0000000c   Code   RO         5418    i.afatfs_isFull     asyncfatfs.o
    0x08003194   0x08003194   0x000000e4   Code   RO         5419    i.afatfs_parseVolumeID  asyncfatfs.o
    0x08003278   0x08003278   0x00000050   Code   RO         5420    i.afatfs_poll       asyncfatfs.o
    0x080032c8   0x080032c8   0x0000006e   Code   RO         5421    i.afatfs_saveDirectoryEntry  asyncfatfs.o
    0x08003336   0x08003336   0x00000002   PAD
    0x08003338   0x08003338   0x00000068   Code   RO         5422    i.afatfs_sdcardReadComplete  asyncfatfs.o
    0x080033a0   0x080033a0   0x00000070   Code   RO         5423    i.afatfs_sdcardWriteComplete  asyncfatfs.o
    0x08003410   0x08003410   0x0000000a   Code   RO         5424    i.afatfs_sectorIndexInCluster  asyncfatfs.o
    0x0800341a   0x0800341a   0x00000010   Code   RO         5425    i.afatfs_superClusterSize  asyncfatfs.o
    0x0800342a   0x0800342a   0x00000002   PAD
    0x0800342c   0x0800342c   0x0000003c   Code   RO         6484    i.blackboxDeviceOpen  blackbox_io.o
    0x08003468   0x08003468   0x00000050   Code   RO         6431    i.blackboxSetState  blackbox.o
    0x080034b8   0x080034b8   0x00000060   Code   RO         6275    i.calculateNonDataDrivenChannel  rx.o
    0x08003518   0x08003518   0x00000034   Code   RO         6276    i.calculateRxChannelsAndUpdateFailsafe  rx.o
    0x0800354c   0x0800354c   0x00000004   Code   RO         4955    i.checkEEPROMContainsValidData  config.o
    0x08003550   0x08003550   0x0000004c   Code   RO         4390    i.configTimeBaseMhz  timer.o
    0x0800359c   0x0800359c   0x00000010   Code   RO         4956    i.constrain         config.o
    0x080035ac   0x080035ac   0x0000020c   Code   RO         4957    i.createDefaultConfig  config.o
    0x080037b8   0x080037b8   0x00000016   Code   RO         2677    i.delay             system.o
    0x080037ce   0x080037ce   0x00000002   PAD
    0x080037d0   0x080037d0   0x00000018   Code   RO         2678    i.delayMicroseconds  system.o
    0x080037e8   0x080037e8   0x00000110   Code   RO         6277    i.detectAndApplySignalLossBehaviour  rx.o
    0x080038f8   0x080038f8   0x00000010   Code   RO         5685    i.fat16_isEndOfChainMarker  fat_standard.o
    0x08003908   0x08003908   0x00000006   Code   RO         5686    i.fat32_decodeClusterNumber  fat_standard.o
    0x0800390e   0x0800390e   0x00000002   PAD
    0x08003910   0x08003910   0x00000014   Code   RO         5687    i.fat32_isEndOfChainMarker  fat_standard.o
    0x08003924   0x08003924   0x00000050   Code   RO         5688    i.fat_convertFilenameToFATStyle  fat_standard.o
    0x08003974   0x08003974   0x0000000e   Code   RO         5689    i.fat_isDirectoryEntryEmpty  fat_standard.o
    0x08003982   0x08003982   0x0000000c   Code   RO         5690    i.fat_isDirectoryEntryTerminator  fat_standard.o
    0x0800398e   0x0800398e   0x0000000a   Code   RO         5691    i.fat_isFreeSpace   fat_standard.o
    0x08003998   0x08003998   0x00000014   Code   RO         5879    i.feature           feature.o
    0x080039ac   0x080039ac   0x00000010   Code   RO         5880    i.featureClear      feature.o
    0x080039bc   0x080039bc   0x00000014   Code   RO         5882    i.featureConfigured  feature.o
    0x080039d0   0x080039d0   0x00000010   Code   RO         5884    i.featureSet        feature.o
    0x080039e0   0x080039e0   0x00000028   Code   RO         4102    i.findNextSerialPortConfig  serial.o
    0x08003a08   0x08003a08   0x00000010   Code   RO         4103    i.findSerialPortConfig  serial.o
    0x08003a18   0x08003a18   0x0000001c   Code   RO         4104    i.findSerialPortIndexByIdentifier  serial.o
    0x08003a34   0x08003a34   0x00000028   Code   RO         4105    i.findSerialPortUsageByIdentifier  serial.o
    0x08003a5c   0x08003a5c   0x0000000e   Code   RO         2337    i.fputc             main.o
    0x08003a6a   0x08003a6a   0x00000012   Code   RO         6432    i.gcd               blackbox.o
    0x08003a7c   0x08003a7c   0x0000007c   Code   RO         5186    i.generateThrottleCurve  fc_rc.o
    0x08003af8   0x08003af8   0x0000000c   Code   RO         5739    i.getMotorCount     mixer.o
    0x08003b04   0x08003b04   0x0000002c   Code   RO         6278    i.getRxChannelCount  rx.o
    0x08003b30   0x08003b30   0x00000030   Code   RO         6433    i.initBlackbox      blackbox.o
    0x08003b60   0x08003b60   0x00000002   Code   RO         5823    i.initEEPROM        config_eeprom.o
    0x08003b62   0x08003b62   0x00000002   PAD
    0x08003b64   0x08003b64   0x0000002c   Code   RO         5740    i.initEscEndpoints  mixer.o
    0x08003b90   0x08003b90   0x00000006   Code   RO         5886    i.intFeatureClearAll  feature.o
    0x08003b96   0x08003b96   0x00000008   Code   RO         5887    i.intFeatureSet     feature.o
    0x08003b9e   0x08003b9e   0x00000026   Code   RO         5244    i.isModeActivationConditionPresent  rc_controls.o
    0x08003bc4   0x08003bc4   0x0000001a   Code   RO         4185    i.isUartTransmitBufferEmpty  serial_uart.o
    0x08003bde   0x08003bde   0x00000002   PAD
    0x08003be0   0x08003be0   0x00000014   Code   RO         5888    i.latchActiveFeatures  feature.o
    0x08003bf4   0x08003bf4   0x00000048   Code   RO         4392    i.lookupTimerIndex  timer.o
    0x08003c3c   0x08003c3c   0x000000f0   Code   RO         2338    i.main              main.o
    0x08003d2c   0x08003d2c   0x00000054   Code   RO         2679    i.micros            system.o
    0x08003d80   0x08003d80   0x0000004c   Code   RO         2680    i.microsISR         system.o
    0x08003dcc   0x08003dcc   0x0000000c   Code   RO         2681    i.millis            system.o
    0x08003dd8   0x08003dd8   0x00000028   Code   RO         5742    i.mixTable          mixer.o
    0x08003e00   0x08003e00   0x00000038   Code   RO         5743    i.mixerConfigurationOutput  mixer.o
    0x08003e38   0x08003e38   0x00000010   Code   RO         5744    i.mixerInit         mixer.o
    0x08003e48   0x08003e48   0x00000020   Code   RO         5745    i.mixerResetDisarmedMotors  mixer.o
    0x08003e68   0x08003e68   0x0000000c   Code   RO         5746    i.mixerUseConfigs   mixer.o
    0x08003e74   0x08003e74   0x00000118   Code   RO         3792    i.motorInit         pwm_output.o
    0x08003f8c   0x08003f8c   0x00000034   Code   RO         5136    i.mwArm             fc_core.o
    0x08003fc0   0x08003fc0   0x00000004   Code   RO         6279    i.nullFrameStatus   rx.o
    0x08003fc4   0x08003fc4   0x00000004   Code   RO         6280    i.nullReadRawRC     rx.o
    0x08003fc8   0x08003fc8   0x0000006c   Code   RO         4107    i.openSerialPort    serial.o
    0x08004034   0x08004034   0x00000038   Code   RO         6281    i.parseRcChannels   rx.o
    0x0800406c   0x0800406c   0x00000014   Code   RO         5245    i.processRcStickPositions  rc_controls.o
    0x08004080   0x08004080   0x0000000e   Code   RO         5137    i.processRx         fc_core.o
    0x0800408e   0x0800408e   0x00000002   PAD
    0x08004090   0x08004090   0x0000000c   Code   RO         3793    i.pwmAreMotorsEnabled  pwm_output.o
    0x0800409c   0x0800409c   0x0000000c   Code   RO         3794    i.pwmCompleteMotorUpdate  pwm_output.o
    0x080040a8   0x080040a8   0x00000038   Code   RO         3795    i.pwmCompleteOneshotMotorUpdate  pwm_output.o
    0x080040e0   0x080040e0   0x00000002   Code   RO         3796    i.pwmCompleteWriteUnused  pwm_output.o
    0x080040e2   0x080040e2   0x000000a0   Code   RO         3797    i.pwmOutConfigMhz   pwm_output.o
    0x08004182   0x08004182   0x00000002   PAD
    0x08004184   0x08004184   0x0000000c   Code   RO         3799    i.pwmWriteMotor     pwm_output.o
    0x08004190   0x08004190   0x00000014   Code   RO         3800    i.pwmWriteStandard  pwm_output.o
    0x080041a4   0x080041a4   0x00000002   Code   RO         3801    i.pwmWriteUnused    pwm_output.o
    0x080041a6   0x080041a6   0x00000002   PAD
    0x080041a8   0x080041a8   0x0000003a   Code   RO         4929    i.readBitfield      sdcard_standard.o
    0x080041e2   0x080041e2   0x00000002   PAD
    0x080041e4   0x080041e4   0x0000001c   Code   RO         5825    i.readEEPROM        config_eeprom.o
    0x08004200   0x08004200   0x00000078   Code   RO         6282    i.readRxChannelsApplyRanges  rx.o
    0x08004278   0x08004278   0x00000018   Code   RO         6283    i.resetAllRxChannelRangeConfigurations  rx.o
    0x08004290   0x08004290   0x00000018   Code   RO         4960    i.resetEEPROM       config.o
    0x080042a8   0x080042a8   0x000000c4   Code   RO         4961    i.resetPidProfile   config.o
    0x0800436c   0x0800436c   0x0000005c   Code   RO         4962    i.resetProfile      config.o
    0x080043c8   0x080043c8   0x00000010   Code   RO         4963    i.resetRcControlsConfig  config.o
    0x080043d8   0x080043d8   0x00000012   Code   RO         5426    i.roundUpTo         asyncfatfs.o
    0x080043ea   0x080043ea   0x00000002   PAD
    0x080043ec   0x080043ec   0x000000d8   Code   RO         6284    i.rxInit            rx.o
    0x080044c4   0x080044c4   0x0000002c   Code   RO         4026    i.rxSerial3TestInit  rxserial3test.o
    0x080044f0   0x080044f0   0x00000010   Code   RO         4028    i.rxSerial3TestWrite  rxserial3test.o
    0x08004500   0x08004500   0x00000054   Code   RO         6285    i.rxUpdateCheck     rx.o
    0x08004554   0x08004554   0x00000050   Code   RO         6376    i.sbusDataReceiveCallBack  sbus.o
    0x080045a4   0x080045a4   0x000000d8   Code   RO         6377    i.sbusFrameStatus   sbus.o
    0x0800467c   0x0800467c   0x0000007c   Code   RO         6378    i.sbusInit          sbus.o
    0x080046f8   0x080046f8   0x0000001c   Code   RO         6379    i.sbusReadRawRC     sbus.o
    0x08004714   0x08004714   0x00000018   Code   RO         6201    i.scaleRange        maths.o
    0x0800472c   0x0800472c   0x00000024   Code   RO         4674    i.sdcardInsertionDetectInit  sdcard.o
    0x08004750   0x08004750   0x00000068   Code   RO         4675    i.sdcard_beginWriteBlocks  sdcard.o
    0x080047b8   0x080047b8   0x00000024   Code   RO         4676    i.sdcard_deselect   sdcard.o
    0x080047dc   0x080047dc   0x00000048   Code   RO         4677    i.sdcard_endWriteBlocks  sdcard.o
    0x08004824   0x08004824   0x0000009c   Code   RO         4678    i.sdcard_fetchCSD   sdcard.o
    0x080048c0   0x080048c0   0x00000088   Code   RO         4679    i.sdcard_init       sdcard.o
    0x08004948   0x08004948   0x00000014   Code   RO         4680    i.sdcard_isInserted  sdcard.o
    0x0800495c   0x0800495c   0x000002c4   Code   RO         4681    i.sdcard_poll       sdcard.o
    0x08004c20   0x08004c20   0x00000060   Code   RO         4682    i.sdcard_readBlock  sdcard.o
    0x08004c80   0x08004c80   0x00000088   Code   RO         4683    i.sdcard_receiveCID  sdcard.o
    0x08004d08   0x08004d08   0x00000044   Code   RO         4684    i.sdcard_receiveDataBlock  sdcard.o
    0x08004d4c   0x08004d4c   0x00000048   Code   RO         4685    i.sdcard_reset      sdcard.o
    0x08004d94   0x08004d94   0x0000000c   Code   RO         4686    i.sdcard_select     sdcard.o
    0x08004da0   0x08004da0   0x0000001a   Code   RO         4687    i.sdcard_sendAppCommand  sdcard.o
    0x08004dba   0x08004dba   0x00000002   PAD
    0x08004dbc   0x08004dbc   0x0000005c   Code   RO         4688    i.sdcard_sendCommand  sdcard.o
    0x08004e18   0x08004e18   0x00000028   Code   RO         4689    i.sdcard_waitForIdle  sdcard.o
    0x08004e40   0x08004e40   0x00000024   Code   RO         4690    i.sdcard_waitForNonIdleByte  sdcard.o
    0x08004e64   0x08004e64   0x000000a4   Code   RO         4691    i.sdcard_writeBlock  sdcard.o
    0x08004f08   0x08004f08   0x00000034   Code   RO         4108    i.serialInit        serial.o
    0x08004f3c   0x08004f3c   0x00000012   Code   RO         6286    i.serialRxInit      rx.o
    0x08004f4e   0x08004f4e   0x00000002   PAD
    0x08004f50   0x08004f50   0x00000110   Code   RO         4274    i.serialUART        serial_uart_stm32f4xx.o
    0x08005060   0x08005060   0x0000000c   Code   RO         4275    i.serialUART1       serial_uart_stm32f4xx.o
    0x0800506c   0x0800506c   0x0000000c   Code   RO         4276    i.serialUART3       serial_uart_stm32f4xx.o
    0x08005078   0x08005078   0x0000000c   Code   RO         4277    i.serialUART6       serial_uart_stm32f4xx.o
    0x08005084   0x08005084   0x00000006   Code   RO         4110    i.serialWrite       serial.o
    0x0800508a   0x0800508a   0x00000002   PAD
    0x0800508c   0x0800508c   0x00000034   Code   RO         4967    i.setProfile        config.o
    0x080050c0   0x080050c0   0x00000030   Code   RO         3134    i.spiDeviceByInstance  bus_spi.o
    0x080050f0   0x080050f0   0x0000001c   Code   RO         3136    i.spiInit           bus_spi.o
    0x0800510c   0x0800510c   0x00000118   Code   RO         3137    i.spiInitDevice     bus_spi.o
    0x08005224   0x08005224   0x00000020   Code   RO         3138    i.spiIsBusBusy      bus_spi.o
    0x08005244   0x08005244   0x0000008a   Code   RO         3140    i.spiSetDivisor     bus_spi.o
    0x080052ce   0x080052ce   0x00000002   PAD
    0x080052d0   0x080052d0   0x00000024   Code   RO         3141    i.spiTimeoutUserCallback  bus_spi.o
    0x080052f4   0x080052f4   0x000000c8   Code   RO         3142    i.spiTransfer       bus_spi.o
    0x080053bc   0x080053bc   0x00000052   Code   RO         3143    i.spiTransferByte   bus_spi.o
    0x0800540e   0x0800540e   0x00000002   PAD
    0x08005410   0x08005410   0x00000064   Code   RO         6434    i.startBlackbox     blackbox.o
    0x08005474   0x08005474   0x00000050   Code   RO         2339    i.systemInit        main.o
    0x080054c4   0x080054c4   0x00000036   Code   RO         4968    i.targetConfiguration  config.o
    0x080054fa   0x080054fa   0x00000002   PAD
    0x080054fc   0x080054fc   0x00000050   Code   RO         5138    i.taskMainPidLoop   fc_core.o
    0x0800554c   0x0800554c   0x0000001c   Code   RO         5222    i.taskUpdateRxMain  fc_tasks.o
    0x08005568   0x08005568   0x0000007a   Code   RO         4393    i.timCCxHandler     timer.o
    0x080055e2   0x080055e2   0x0000000a   Code   RO         4395    i.timerChCCR        timer.o
    0x080055ec   0x080055ec   0x0000003c   Code   RO         4544    i.timerClockDivisor  timer_stm32f4xx.o
    0x08005628   0x08005628   0x00000034   Code   RO         4400    i.timerForceOverflow  timer.o
    0x0800565c   0x0800565c   0x0000003c   Code   RO         4401    i.timerGetByTag     timer.o
    0x08005698   0x08005698   0x00000084   Code   RO         4402    i.timerInit         timer.o
    0x0800571c   0x0800571c   0x00000028   Code   RO         4405    i.timerOCInit       timer.o
    0x08005744   0x08005744   0x00000028   Code   RO         4406    i.timerOCPreloadConfig  timer.o
    0x0800576c   0x0800576c   0x00000024   Code   RO         4407    i.timerRCC          timer.o
    0x08005790   0x08005790   0x00000096   Code   RO         4278    i.uartIrqHandler    serial_uart_stm32f4xx.o
    0x08005826   0x08005826   0x00000002   PAD
    0x08005828   0x08005828   0x00000174   Code   RO         4186    i.uartOpen          serial_uart.o
    0x0800599c   0x0800599c   0x0000002c   Code   RO         4187    i.uartRead          serial_uart.o
    0x080059c8   0x080059c8   0x0000008c   Code   RO         4188    i.uartReconfigure   serial_uart.o
    0x08005a54   0x08005a54   0x00000006   Code   RO         4189    i.uartSetBaudRate   serial_uart.o
    0x08005a5a   0x08005a5a   0x00000006   Code   RO         4190    i.uartSetMode       serial_uart.o
    0x08005a60   0x08005a60   0x0000004a   Code   RO         4191    i.uartStartTxDMA    serial_uart.o
    0x08005aaa   0x08005aaa   0x00000018   Code   RO         4192    i.uartTotalRxBytesWaiting  serial_uart.o
    0x08005ac2   0x08005ac2   0x00000026   Code   RO         4193    i.uartTotalTxBytesFree  serial_uart.o
    0x08005ae8   0x08005ae8   0x00000030   Code   RO         4194    i.uartWrite         serial_uart.o
    0x08005b18   0x08005b18   0x0000003c   Code   RO         5139    i.updateLEDs        fc_core.o
    0x08005b54   0x08005b54   0x00000130   Code   RO         5188    i.updateRcCommands  fc_rc.o
    0x08005c84   0x08005c84   0x0000001c   Code   RO         5246    i.useRcControlsConfig  rc_controls.o
    0x08005ca0   0x08005ca0   0x00000040   Code   RO         4969    i.validateAndFixConfig  config.o
    0x08005ce0   0x08005ce0   0x0000002c   Code   RO         4970    i.validateAndFixGyroConfig  config.o
    0x08005d0c   0x08005d0c   0x00000050   Code   RO         6435    i.validateBlackboxConfig  blackbox.o
    0x08005d5c   0x08005d5c   0x00000034   Code   RO         5747    i.writeMotors       mixer.o
    0x08005d90   0x08005d90   0x0000002c   Code   RO         6838    locale$$code        c_w.l(lc_ctype_c.o)
    0x08005dbc   0x08005dbc   0x0000000a   Code   RO         6845    x$fpl$fpinit        fz_wm.l(fpinit.o)
    0x08005dc6   0x08005dc6   0x00000002   PAD
    0x08005dc8   0x08005dc8   0x000000a8   Data   RO         2647    .constdata          target.o
    0x08005e70   0x08005e70   0x0000001a   Data   RO         3144    .constdata          bus_spi.o
    0x08005e8a   0x08005e8a   0x00000016   Data   RO         3482    .constdata          io.o
    0x08005ea0   0x08005ea0   0x00000003   Data   RO         4112    .constdata          serial.o
    0x08005ea3   0x08005ea3   0x00000001   PAD
    0x08005ea4   0x08005ea4   0x00000028   Data   RO         4195    .constdata          serial_uart.o
    0x08005ecc   0x08005ecc   0x00000070   Data   RO         4545    .constdata          timer_stm32f4xx.o
    0x08005f3c   0x08005f3c   0x00000078   Data   RO         5428    .constdata          asyncfatfs.o
    0x08005fb4   0x08005fb4   0x00000040   Data   RO         5749    .constdata          mixer.o
    0x08005ff4   0x08005ff4   0x0000001c   Data   RO         6289    .constdata          rx.o
    0x08006010   0x08006010   0x0000000e   Data   RO         6436    .constdata          blackbox.o
    0x0800601e   0x0800601e   0x00000002   PAD
    0x08006020   0x08006020   0x00000020   Data   RO         6939    Region$$Table       anon$$obj.o
    0x08006040   0x08006040   0x00000110   Data   RO         6837    locale$$data        c_w.l(lc_ctype_c.o)


    Execution Region RW_IRAM1 (Exec base: 0x20000000, Load base: 0x08006150, Size: 0x00003448, Max: 0x00020000, ABSOLUTE, COMPRESSED[0x00000118])

    Exec Addr    Load Addr    Size         Type   Attr      Idx    E Section Name        Object

    0x20000000   COMPRESSED   0x00000010   Data   RW          846    .data               stm32f4xx_rcc.o
    0x20000010   COMPRESSED   0x00000001   Data   RW         2340    .data               main.o
    0x20000011   COMPRESSED   0x00000003   PAD
    0x20000014   COMPRESSED   0x00000004   Data   RW         2341    .data               main.o
    0x20000018   COMPRESSED   0x00000014   Data   RW         2608    .data               system_stm32f4xx.o
    0x2000002c   COMPRESSED   0x0000000c   Data   RW         2683    .data               system.o
    0x20000038   COMPRESSED   0x00000020   Data   RW         3145    .data               bus_spi.o
    0x20000058   COMPRESSED   0x00000007   Data   RW         3288    .data               exti.o
    0x2000005f   COMPRESSED   0x00000001   Data   RW         3605    .data               led.o
    0x20000060   COMPRESSED   0x0000000c   Data   RW         3803    .data               pwm_output.o
    0x2000006c   COMPRESSED   0x00000004   Data   RW         4029    .data               rxserial3test.o
    0x20000070   COMPRESSED   0x00000008   Data   RW         4114    .data               serial.o
    0x20000078   COMPRESSED   0x0000047c   Data   RW         4279    .data               serial_uart_stm32f4xx.o
    0x200004f4   COMPRESSED   0x0000047c   Data   RW         4280    .data               serial_uart_stm32f4xx.o
    0x20000970   COMPRESSED   0x0000047c   Data   RW         4281    .data               serial_uart_stm32f4xx.o
    0x20000dec   COMPRESSED   0x00000018   Data   RW         4282    .data               serial_uart_stm32f4xx.o
    0x20000e04   COMPRESSED   0x00000006   Data   RW         4409    .data               timer.o
    0x20000e0a   COMPRESSED   0x00000002   PAD
    0x20000e0c   COMPRESSED   0x00000008   Data   RW         4693    .data               sdcard.o
    0x20000e14   COMPRESSED   0x000001c0   Data   RW         4822    .data               dma_stm32f4xx.o
    0x20000fd4   COMPRESSED   0x0000000c   Data   RW         4972    .data               config.o
    0x20000fe0   COMPRESSED   0x00000008   Data   RW         5140    .data               fc_core.o
    0x20000fe8   COMPRESSED   0x00000001   Data   RW         5141    .data               fc_core.o
    0x20000fe9   COMPRESSED   0x00000003   PAD
    0x20000fec   COMPRESSED   0x00000004   Data   RW         5190    .data               fc_rc.o
    0x20000ff0   COMPRESSED   0x0000000c   Data   RW         5247    .data               rc_controls.o
    0x20000ffc   COMPRESSED   0x00000008   Data   RW         5248    .data               rc_controls.o
    0x20001004   COMPRESSED   0x00000001   Data   RW         5288    .data               runtime_config.o
    0x20001005   COMPRESSED   0x00000003   PAD
    0x20001008   COMPRESSED   0x0000001c   Data   RW         5750    .data               mixer.o
    0x20001024   COMPRESSED   0x00000004   Data   RW         5889    .data               feature.o
    0x20001028   COMPRESSED   0x00000020   Data   RW         6291    .data               rx.o
    0x20001048   COMPRESSED   0x00000008   Data   RW         6381    .data               sbus.o
    0x20001050   COMPRESSED   0x00000008   Data   RW         6415    .data               debug.o
    0x20001058   COMPRESSED   0x00000001   Data   RW         6416    .data               debug.o
    0x20001059   COMPRESSED   0x00000003   PAD
    0x2000105c   COMPRESSED   0x0000000c   Data   RW         6437    .data               blackbox.o
    0x20001068   COMPRESSED   0x00000001   Data   RW         6485    .data               blackbox_io.o
    0x20001069   COMPRESSED   0x00000003   PAD
    0x2000106c   COMPRESSED   0x00000004   Data   RW         6486    .data               blackbox_io.o
    0x20001070        -       0x00000010   Zero   RW         2682    .bss                system.o
    0x20001080        -       0x00000040   Zero   RW         3286    .bss                exti.o
    0x200010c0        -       0x00000280   Zero   RW         3481    .bss                io.o
    0x20001340        -       0x00000010   Zero   RW         3604    .bss                led.o
    0x20001350        -       0x00000140   Zero   RW         3802    .bss                pwm_output.o
    0x20001490        -       0x00000024   Zero   RW         4111    .bss                serial.o
    0x200014b4        -       0x000000fe   Zero   RW         4408    .bss                timer.o
    0x200015b2   COMPRESSED   0x00000002   PAD
    0x200015b4        -       0x00000050   Zero   RW         4692    .bss                sdcard.o
    0x20001604        -       0x00000374   Zero   RW         4971    .bss                config.o
    0x20001978        -       0x00000018   Zero   RW         5189    .bss                fc_rc.o
    0x20001990        -       0x00001224   Zero   RW         5427    .bss                asyncfatfs.o
    0x20002bb4        -       0x000000f0   Zero   RW         5748    .bss                mixer.o
    0x20002ca4        -       0x000000dc   Zero   RW         6288    .bss                rx.o
    0x20002d80        -       0x00000064   Zero   RW         6380    .bss                sbus.o
    0x20002de4        -       0x00000060   Zero   RW         6850    .bss                c_w.l(libspace.o)
    0x20002e44   COMPRESSED   0x00000004   PAD
    0x20002e48        -       0x00000200   Zero   RW            2    HEAP                startup_stm32f407xx.o
    0x20003048        -       0x00000400   Zero   RW            1    STACK               startup_stm32f407xx.o


==============================================================================

Image component sizes


      Code (inc. data)   RO Data    RW Data    ZI Data      Debug   Object Name

         0          0          0          0          0       3116   accgyro_i2c_mpu9250.o
         0          0          0          0          0       1728   accgyro_spi_mpu9250.o
      6560        512        120          0       4644      60301   asyncfatfs.o
       326         82         14         12          0       4516   blackbox.o
        60         10          0          5          0        972   blackbox_io.o
       844         96         26         32          0       6848   bus_spi.o
         0          0          0          0          0        888   button.o
      1450         96          0         12        884      15796   config.o
        30          4          0          0          0       1038   config_eeprom.o
         0          0          0          9          0        574   debug.o
       340         84          0        448          0       9004   dma_stm32f4xx.o
       132         16          0          7         64       5783   exti.o
       158          6          0          0          0       5261   fat_standard.o
       206         24          0          9          0       3560   fc_core.o
       428         38          0          4         24       2747   fc_rc.o
        28          4          0          0          0        583   fc_tasks.o
       106         30          0          4          0       4671   feature.o
         0          0          0          0          0       3294   gps.o
       456         38         22          0        640      16213   io.o
       176         16          0          1         16       1915   led.o
       482         64          0          5          0      58378   main.o
        24          0          0          0          0        737   maths.o
       120         14          0          0          0     313747   misc.o
       264         62         64         28        240       7156   mixer.o
         0          0          0          0          0       2841   pwm.o
       556         56          0         12        320      10899   pwm_output.o
        86         12          0         20          0       5047   rc_controls.o
        72          0          0          0          0       1334   rcc.o
         0          0          0          1          0        278   runtime_config.o
       990         90         28         32        220      14353   rx.o
        60         10          0          4          0       1757   rxserial3test.o
       448         44          0          8        100       4359   sbus.o
      2010        138          0          8         80      20493   sdcard.o
        58          0          0          0          0       1363   sdcard_standard.o
       290         46          3          8         36       9074   serial.o
       778         12         40          0          0       9165   serial_uart.o
       506         26          0       3468          0       6928   serial_uart_stm32f4xx.o
        64         26        392          0       1536        908   startup_stm32f407xx.o
       494         24          0          0          0       6961   stm32f4xx_dma.o
       212          0          0          0          0       2621   stm32f4xx_gpio.o
       328         58          0         16          0       8487   stm32f4xx_rcc.o
       230         24          0          0          0       4755   stm32f4xx_spi.o
       712         60          0          0          0      10749   stm32f4xx_tim.o
       358          8          0          0          0       6798   stm32f4xx_usart.o
       290         38          0         12         16       7262   system.o
       272         36          0         20          0       2201   system_stm32f4xx.o
         0          0        168          0          0       2351   target.o
       704         78          0          6        254      12975   timer.o
        60         22        112          0          0       2951   timer_stm32f4xx.o

    ----------------------------------------------------------------------
     21820       2004       1024       4208       9076     685736   Object Totals
         0          0         32          0          0          0   (incl. Generated)
        52          0          3         17          2          0   (incl. Padding)

    ----------------------------------------------------------------------

      Code (inc. data)   RO Data    RW Data    ZI Data      Debug   Library Member Name

        90          0          0          0          0          0   __dczerorl2.o
         8          0          0          0          0         68   __main.o
       104          0          0          0          0         84   __printf.o
         0          0          0          0          0          0   __rtentry.o
        12          0          0          0          0          0   __rtentry2.o
         6          0          0          0          0          0   __rtentry4.o
        52          8          0          0          0          0   __scatter.o
        28          0          0          0          0          0   __scatter_zi.o
        44          0          0          0          0        108   _printf_char.o
        48          6          0          0          0         96   _printf_char_common.o
        36          4          0          0          0         80   _printf_char_file.o
         6          0          0          0          0          0   _printf_d.o
       120         16          0          0          0         92   _printf_dec.o
       178          0          0          0          0         88   _printf_intcommon.o
         0          0          0          0          0          0   _printf_percent.o
         4          0          0          0          0          0   _printf_percent_end.o
         6          0          0          0          0          0   _printf_s.o
        82          0          0          0          0         80   _printf_str.o
         6          0          0          0          0          0   _printf_u.o
        16          0          0          0          0         68   aeabi_memset.o
        18          0          0          0          0         80   exit.o
         8          0          0          0          0         68   ferror.o
         6          0          0          0          0        152   heapauxi.o
         0          0          0          0          0          0   indicate_semi.o
        44         10        272          0          0         76   lc_ctype_c.o
         2          0          0          0          0          0   libinit.o
        24          0          0          0          0          0   libinit2.o
         2          0          0          0          0          0   libshutdown.o
         2          0          0          0          0          0   libshutdown2.o
         8          4          0          0         96         68   libspace.o
        24          4          0          0          0         84   noretval__2printf.o
        16          4          0          0          0         76   rt_ctype_table.o
         8          4          0          0          0         68   rt_locale_intlibspace.o
        68          0          0          0          0         68   rt_memclr.o
        78          0          0          0          0         80   rt_memclr_w.o
       100          0          0          0          0         80   rt_memcpy_w.o
         2          0          0          0          0          0   rtexit.o
        10          0          0          0          0          0   rtexit2.o
        20          0          0          0          0         68   strchr.o
       128          0          0          0          0         68   strcmpv7m.o
       150          0          0          0          0         80   strncmp.o
        86          0          0          0          0         76   strncpy.o
        12          4          0          0          0         68   sys_exit.o
        74          0          0          0          0         80   sys_stackheap_outer.o
        30          0          0          0          0         76   toupper.o
         2          0          0          0          0         68   use_no_semi.o
        10          0          0          0          0        116   fpinit.o

    ----------------------------------------------------------------------
      1796         64        272          0        100       2364   Library Totals
        18          0          0          0          4          0   (incl. Padding)

    ----------------------------------------------------------------------

      Code (inc. data)   RO Data    RW Data    ZI Data      Debug   Library Name

      1768         64        272          0         96       2248   c_w.l
        10          0          0          0          0        116   fz_wm.l

    ----------------------------------------------------------------------
      1796         64        272          0        100       2364   Library Totals

    ----------------------------------------------------------------------

==============================================================================


      Code (inc. data)   RO Data    RW Data    ZI Data      Debug   

     23616       2068       1296       4208       9176     656952   Grand Totals
     23616       2068       1296        280       9176     656952   ELF Image Totals (compressed)
     23616       2068       1296        280          0          0   ROM Totals

==============================================================================

    Total RO  Size (Code + RO Data)                24912 (  24.33kB)
    Total RW  Size (RW Data + ZI Data)             13384 (  13.07kB)
    Total ROM Size (Code + RO Data + RW Data)      25192 (  24.60kB)

==============================================================================

